Archive member included to satisfy reference by file (symbol)

/usr/local/mcuxpressoide-11.4.1_6260/ide/plugins/com.nxp.mcuxpresso.tools.linux_11.4.0.202103011116/tools/bin/../lib/gcc/arm-none-eabi/10.2.1/../../../../arm-none-eabi/lib/thumb/v7e-m+fp/hard/libcr_semihost_nf.a(_cr__main.o)
                              ./startup/startup_mk66f18.o (__main)
/usr/local/mcuxpressoide-11.4.1_6260/ide/plugins/com.nxp.mcuxpresso.tools.linux_11.4.0.202103011116/tools/bin/../lib/gcc/arm-none-eabi/10.2.1/../../../../arm-none-eabi/lib/thumb/v7e-m+fp/hard/libcr_c.a(memcpy.o)
                              ./drivers/fsl_ftfx_cache.o (memcpy)
/usr/local/mcuxpressoide-11.4.1_6260/ide/plugins/com.nxp.mcuxpresso.tools.linux_11.4.0.202103011116/tools/bin/../lib/gcc/arm-none-eabi/10.2.1/../../../../arm-none-eabi/lib/thumb/v7e-m+fp/hard/libcr_c.a(memset.o)
                              ./drivers/fsl_ftfx_cache.o (memset)
/usr/local/mcuxpressoide-11.4.1_6260/ide/plugins/com.nxp.mcuxpresso.tools.linux_11.4.0.202103011116/tools/bin/../lib/gcc/arm-none-eabi/10.2.1/../../../../arm-none-eabi/lib/thumb/v7e-m+fp/hard/libcr_c.a(alloc.o)
                              ./drivers/fsl_common.o (malloc)
/usr/local/mcuxpressoide-11.4.1_6260/ide/plugins/com.nxp.mcuxpresso.tools.linux_11.4.0.202103011116/tools/bin/../lib/gcc/arm-none-eabi/10.2.1/../../../../arm-none-eabi/lib/thumb/v7e-m+fp/hard/libcr_c.a(initio.o)
                              /usr/local/mcuxpressoide-11.4.1_6260/ide/plugins/com.nxp.mcuxpresso.tools.linux_11.4.0.202103011116/tools/bin/../lib/gcc/arm-none-eabi/10.2.1/../../../../arm-none-eabi/lib/thumb/v7e-m+fp/hard/libcr_semihost_nf.a(_cr__main.o) (_initio)
/usr/local/mcuxpressoide-11.4.1_6260/ide/plugins/com.nxp.mcuxpresso.tools.linux_11.4.0.202103011116/tools/bin/../lib/gcc/arm-none-eabi/10.2.1/../../../../arm-none-eabi/lib/thumb/v7e-m+fp/hard/libcr_c.a(printf.o)
                              ./utilities/fsl_assert.o (_printf)
/usr/local/mcuxpressoide-11.4.1_6260/ide/plugins/com.nxp.mcuxpresso.tools.linux_11.4.0.202103011116/tools/bin/../lib/gcc/arm-none-eabi/10.2.1/../../../../arm-none-eabi/lib/thumb/v7e-m+fp/hard/libcr_c.a(scanf.o)
                              ./source/hello_world.o (scanf)
/usr/local/mcuxpressoide-11.4.1_6260/ide/plugins/com.nxp.mcuxpresso.tools.linux_11.4.0.202103011116/tools/bin/../lib/gcc/arm-none-eabi/10.2.1/../../../../arm-none-eabi/lib/thumb/v7e-m+fp/hard/libcr_c.a(setvbuf.o)
                              /usr/local/mcuxpressoide-11.4.1_6260/ide/plugins/com.nxp.mcuxpresso.tools.linux_11.4.0.202103011116/tools/bin/../lib/gcc/arm-none-eabi/10.2.1/../../../../arm-none-eabi/lib/thumb/v7e-m+fp/hard/libcr_c.a(initio.o) (setvbuf)
/usr/local/mcuxpressoide-11.4.1_6260/ide/plugins/com.nxp.mcuxpresso.tools.linux_11.4.0.202103011116/tools/bin/../lib/gcc/arm-none-eabi/10.2.1/../../../../arm-none-eabi/lib/thumb/v7e-m+fp/hard/libcr_c.a(strlen.o)
                              /usr/local/mcuxpressoide-11.4.1_6260/ide/plugins/com.nxp.mcuxpresso.tools.linux_11.4.0.202103011116/tools/bin/../lib/gcc/arm-none-eabi/10.2.1/../../../../arm-none-eabi/lib/thumb/v7e-m+fp/hard/libcr_c.a(printf.o) (strlen)
/usr/local/mcuxpressoide-11.4.1_6260/ide/plugins/com.nxp.mcuxpresso.tools.linux_11.4.0.202103011116/tools/bin/../lib/gcc/arm-none-eabi/10.2.1/../../../../arm-none-eabi/lib/thumb/v7e-m+fp/hard/libcr_c.a(ungetc.o)
                              /usr/local/mcuxpressoide-11.4.1_6260/ide/plugins/com.nxp.mcuxpresso.tools.linux_11.4.0.202103011116/tools/bin/../lib/gcc/arm-none-eabi/10.2.1/../../../../arm-none-eabi/lib/thumb/v7e-m+fp/hard/libcr_c.a(scanf.o) (ungetc)
/usr/local/mcuxpressoide-11.4.1_6260/ide/plugins/com.nxp.mcuxpresso.tools.linux_11.4.0.202103011116/tools/bin/../lib/gcc/arm-none-eabi/10.2.1/../../../../arm-none-eabi/lib/thumb/v7e-m+fp/hard/libcr_c.a(__fillbuf.o)
                              /usr/local/mcuxpressoide-11.4.1_6260/ide/plugins/com.nxp.mcuxpresso.tools.linux_11.4.0.202103011116/tools/bin/../lib/gcc/arm-none-eabi/10.2.1/../../../../arm-none-eabi/lib/thumb/v7e-m+fp/hard/libcr_c.a(scanf.o) (__filbuf)
/usr/local/mcuxpressoide-11.4.1_6260/ide/plugins/com.nxp.mcuxpresso.tools.linux_11.4.0.202103011116/tools/bin/../lib/gcc/arm-none-eabi/10.2.1/../../../../arm-none-eabi/lib/thumb/v7e-m+fp/hard/libcr_c.a(__init_alloc.o)
                              /usr/local/mcuxpressoide-11.4.1_6260/ide/plugins/com.nxp.mcuxpresso.tools.linux_11.4.0.202103011116/tools/bin/../lib/gcc/arm-none-eabi/10.2.1/../../../../arm-none-eabi/lib/thumb/v7e-m+fp/hard/libcr_c.a(alloc.o) (__heaps)
/usr/local/mcuxpressoide-11.4.1_6260/ide/plugins/com.nxp.mcuxpresso.tools.linux_11.4.0.202103011116/tools/bin/../lib/gcc/arm-none-eabi/10.2.1/../../../../arm-none-eabi/lib/thumb/v7e-m+fp/hard/libcr_c.a(_cr_sbrk.o)
                              /usr/local/mcuxpressoide-11.4.1_6260/ide/plugins/com.nxp.mcuxpresso.tools.linux_11.4.0.202103011116/tools/bin/../lib/gcc/arm-none-eabi/10.2.1/../../../../arm-none-eabi/lib/thumb/v7e-m+fp/hard/libcr_c.a(alloc.o) (_sbrk)
[...]
Memory Configuration

Name             Origin             Length             Attributes
PROGRAM_FLASH    0x0000000000000000 0x0000000000200000 xr
SRAM_UPPER       0x0000000020000000 0x0000000000030000 xrw
SRAM_LOWER       0x000000001fff0000 0x0000000000010000 xrw
FLEX_RAM         0x0000000014000000 0x0000000000001000 xrw
*default*        0x0000000000000000 0xffffffffffffffff

Linker script and memory map

LOAD ./utilities/fsl_assert.o
LOAD ./utilities/fsl_debug_console.o
LOAD ./startup/startup_mk66f18.o
LOAD ./source/hello_world.o
LOAD ./source/semihost_hardfault.o
LOAD ./drivers/fsl_clock.o
LOAD ./drivers/fsl_common.o
LOAD ./drivers/fsl_common_arm.o
LOAD ./drivers/fsl_ftfx_cache.o
LOAD ./drivers/fsl_ftfx_controller.o
LOAD ./drivers/fsl_ftfx_flash.o
LOAD ./drivers/fsl_ftfx_flexnvm.o
LOAD ./drivers/fsl_ftm.o
LOAD ./drivers/fsl_gpio.o
LOAD ./drivers/fsl_lpuart.o
LOAD ./drivers/fsl_smc.o
LOAD ./drivers/fsl_uart.o
LOAD ./device/system_MK66F18.o
LOAD ./component/uart/fsl_adapter_uart.o
LOAD ./component/lists/fsl_component_generic_list.o
LOAD ./board/board.o
LOAD ./board/clock_config.o
LOAD ./board/pin_mux.o
START GROUP
LOAD /usr/local/mcuxpressoide-11.4.1_6260/ide/plugins/com.nxp.mcuxpresso.tools.linux_11.4.0.202103011116/tools/bin/../lib/gcc/arm-none-eabi/10.2.1/../../../../arm-none-eabi/lib/thumb/v7e-m+fp/hard/libcr_semihost_nf.a
LOAD /usr/local/mcuxpressoide-11.4.1_6260/ide/plugins/com.nxp.mcuxpresso.tools.linux_11.4.0.202103011116/tools/bin/../lib/gcc/arm-none-eabi/10.2.1/../../../../arm-none-eabi/lib/thumb/v7e-m+fp/hard/libcr_c.a
LOAD /usr/local/mcuxpressoide-11.4.1_6260/ide/plugins/com.nxp.mcuxpresso.tools.linux_11.4.0.202103011116/tools/bin/../lib/gcc/arm-none-eabi/10.2.1/thumb/v7e-m+fp/hard/libcr_eabihelpers.a
LOAD /usr/local/mcuxpressoide-11.4.1_6260/ide/plugins/com.nxp.mcuxpresso.tools.linux_11.4.0.202103011116/tools/bin/../lib/gcc/arm-none-eabi/10.2.1/thumb/v7e-m+fp/hard/libgcc.a
END GROUP
                0x0000000000000000                __base_PROGRAM_FLASH = 0x0
                0x0000000000000000                __base_Flash = 0x0
                0x0000000000200000                __top_PROGRAM_FLASH = 0x200000
                0x0000000000200000                __top_Flash = 0x200000
                0x0000000020000000                __base_SRAM_UPPER = 0x20000000
                0x0000000020000000                __base_RAM = 0x20000000
                0x0000000020030000                __top_SRAM_UPPER = 0x20030000
                0x0000000020030000                __top_RAM = 0x20030000
                0x000000001fff0000                __base_SRAM_LOWER = 0x1fff0000
                0x000000001fff0000                __base_RAM2 = 0x1fff0000
                0x0000000020000000                __top_SRAM_LOWER = 0x20000000
                0x0000000020000000                __top_RAM2 = 0x20000000
                0x0000000014000000                __base_FLEX_RAM = 0x14000000
                0x0000000014000000                __base_RAM3 = 0x14000000
                0x0000000014001000                __top_FLEX_RAM = 0x14001000
                0x0000000014001000                __top_RAM3 = 0x14001000

.text           0x0000000000000000     0x4d60
 FILL mask 0xff
                0x0000000000000000                __vectors_start__ = ABSOLUTE (.)
 *(SORT_BY_ALIGNMENT(.isr_vector))
 .isr_vector    0x0000000000000000      0x1d0 ./startup/startup_mk66f18.o
                0x0000000000000000                __Vectors
                0x0000000000000000                g_pfnVectors
                0x00000000000001d0                . = ALIGN (0x4)
                0x00000000000001d0                __section_table_start = .
                0x00000000000001d0                __data_section_table = .
                0x00000000000001d0        0x4 LONG 0x4d60 LOADADDR (.data)
                0x00000000000001d4        0x4 LONG 0x20000000 ADDR (.data)
                0x00000000000001d8        0x4 LONG 0x18 SIZEOF (.data)
                0x00000000000001dc        0x4 LONG 0x4d60 LOADADDR (.data_RAM2)
                0x00000000000001e0        0x4 LONG 0x1fff0000 ADDR (.data_RAM2)
                0x00000000000001e4        0x4 LONG 0x0 SIZEOF (.data_RAM2)
                0x00000000000001e8        0x4 LONG 0x4d60 LOADADDR (.data_RAM3)
                0x00000000000001ec        0x4 LONG 0x14000000 ADDR (.data_RAM3)
                0x00000000000001f0        0x4 LONG 0x0 SIZEOF (.data_RAM3)
                0x00000000000001f4                __data_section_table_end = .
                0x00000000000001f4                __bss_section_table = .
                0x00000000000001f4        0x4 LONG 0x20000018 ADDR (.bss)
                0x00000000000001f8        0x4 LONG 0xf0 SIZEOF (.bss)
                0x00000000000001fc        0x4 LONG 0x1fff0000 ADDR (.bss_RAM2)
                0x0000000000000200        0x4 LONG 0x0 SIZEOF (.bss_RAM2)
                0x0000000000000204        0x4 LONG 0x14000000 ADDR (.bss_RAM3)
                0x0000000000000208        0x4 LONG 0x0 SIZEOF (.bss_RAM3)
                0x000000000000020c                __bss_section_table_end = .
                0x000000000000020c                __section_table_end = .
 *(SORT_BY_ALIGNMENT(.after_vectors*))
 .after_vectors.reset
                0x000000000000020c       0x4c ./startup/startup_mk66f18.o
                0x000000000000020c                ResetISR
 .after_vectors.init_data
                0x0000000000000258       0x1e ./startup/startup_mk66f18.o
                0x0000000000000258                data_init
 .after_vectors.init_bss
                0x0000000000000276       0x12 ./startup/startup_mk66f18.o
                0x0000000000000276                bss_init
 .after_vectors
                0x0000000000000288       0x14 ./startup/startup_mk66f18.o
                0x0000000000000288                NMI_Handler
                0x000000000000028c                MemManage_Handler
                0x000000000000028e                BusFault_Handler
                0x0000000000000290                UsageFault_Handler
                0x0000000000000292                SVC_Handler
                0x0000000000000294                DebugMon_Handler
                0x0000000000000296                PendSV_Handler
                0x0000000000000298                SysTick_Handler
                0x000000000000029a                DMA13_DMA29_DriverIRQHandler
                0x000000000000029a                PORTB_DriverIRQHandler
                0x000000000000029a                SPI1_DriverIRQHandler
                0x000000000000029a                LPTMR0_DriverIRQHandler
                0x000000000000029a                DMA_Error_DriverIRQHandler
                0x000000000000029a                FTM1_DriverIRQHandler
                0x000000000000029a                FTM2_DriverIRQHandler
                0x000000000000029a                PIT2_DriverIRQHandler
                0x000000000000029a                TPM2_DriverIRQHandler
                0x000000000000029a                SDHC_DriverIRQHandler
                0x000000000000029a                DMA7_DMA23_DriverIRQHandler
                0x000000000000029a                I2C3_DriverIRQHandler
                0x000000000000029a                I2S0_Tx_DriverIRQHandler
                0x000000000000029a                TSI0_DriverIRQHandler
                0x000000000000029a                RTC_Seconds_DriverIRQHandler
                0x000000000000029a                CMP3_DriverIRQHandler
                0x000000000000029a                LLWU_DriverIRQHandler
                0x000000000000029a                MCM_DriverIRQHandler
                0x000000000000029a                DMA14_DMA30_DriverIRQHandler
                0x000000000000029a                MCG_DriverIRQHandler
                0x000000000000029a                ENET_1588_Timer_DriverIRQHandler
                0x000000000000029a                I2C2_DriverIRQHandler
                0x000000000000029a                DAC1_DriverIRQHandler
                0x000000000000029a                CMP1_DriverIRQHandler
                0x000000000000029a                USBHSDCD_DriverIRQHandler
                0x000000000000029a                DMA0_DMA16_DriverIRQHandler
                0x000000000000029a                FTM0_DriverIRQHandler
                0x000000000000029a                IntDefaultHandler
                0x000000000000029a                USB0_DriverIRQHandler
                0x000000000000029a                PORTC_DriverIRQHandler
                0x000000000000029a                DMA2_DMA18_DriverIRQHandler
                0x000000000000029a                DAC0_DriverIRQHandler
                0x000000000000029a                CMP2_DriverIRQHandler
                0x000000000000029a                UART2_ERR_DriverIRQHandler
                0x000000000000029a                SPI2_DriverIRQHandler
                0x000000000000029a                LVD_LVW_DriverIRQHandler
                0x000000000000029a                Reserved84_DriverIRQHandler
                0x000000000000029a                PIT0_DriverIRQHandler
                0x000000000000029a                RNG_DriverIRQHandler
                0x000000000000029a                USBDCD_DriverIRQHandler
                0x000000000000029a                UART3_ERR_DriverIRQHandler
                0x000000000000029a                DMA12_DMA28_DriverIRQHandler
                0x000000000000029a                DMA10_DMA26_DriverIRQHandler
                0x000000000000029a                UART0_ERR_DriverIRQHandler
                0x000000000000029a                CMT_DriverIRQHandler
                0x000000000000029a                Reserved71_DriverIRQHandler
                0x000000000000029a                ADC1_DriverIRQHandler
                0x000000000000029a                PORTA_DriverIRQHandler
                0x000000000000029a                DMA1_DMA17_DriverIRQHandler
                0x000000000000029a                PIT3_DriverIRQHandler
                0x000000000000029a                PIT1_DriverIRQHandler
                0x000000000000029a                TPM1_DriverIRQHandler
                0x000000000000029a                WDOG_EWM_DriverIRQHandler
                0x000000000000029a                PDB0_DriverIRQHandler
                0x000000000000029a                DMA8_DMA24_DriverIRQHandler
                0x000000000000029a                DMA6_DMA22_DriverIRQHandler
                0x000000000000029a                RTC_DriverIRQHandler
                0x000000000000029a                I2S0_Rx_DriverIRQHandler
                0x000000000000029a                Read_Collision_DriverIRQHandler
                0x000000000000029a                SWI_DriverIRQHandler
                0x000000000000029a                UART4_ERR_DriverIRQHandler
                0x000000000000029a                DMA11_DMA27_DriverIRQHandler
                0x000000000000029a                DMA4_DMA20_DriverIRQHandler
                0x000000000000029a                DMA9_DMA25_DriverIRQHandler
                0x000000000000029a                I2C1_DriverIRQHandler
                0x000000000000029a                ENET_Receive_DriverIRQHandler
                0x000000000000029a                DMA3_DMA19_DriverIRQHandler
                0x000000000000029a                ENET_Error_DriverIRQHandler
                0x000000000000029a                Reserved85_DriverIRQHandler
                0x000000000000029a                SPI0_DriverIRQHandler
                0x000000000000029a                ADC0_DriverIRQHandler
                0x000000000000029a                USBHS_DriverIRQHandler
                0x000000000000029a                CMP0_DriverIRQHandler
                0x000000000000029a                CAN0_DriverIRQHandler
                0x000000000000029a                FTM3_DriverIRQHandler
                0x000000000000029a                DMA5_DMA21_DriverIRQHandler
                0x000000000000029a                DMA15_DMA31_DriverIRQHandler
                0x000000000000029a                UART1_ERR_DriverIRQHandler
                0x000000000000029a                ENET_Transmit_DriverIRQHandler
                0x000000000000029a                PORTD_DriverIRQHandler
                0x000000000000029a                Reserved46_DriverIRQHandler
                0x000000000000029a                PORTE_DriverIRQHandler
                0x000000000000029a                FTFE_DriverIRQHandler
                0x000000000000029a                I2C0_DriverIRQHandler
                0x000000000000029a                CAN1_DriverIRQHandler
                0x0000000000000400                . = 0x400
 *fill*         0x000000000000029c      0x164 ff
                0x0000000000000400                PROVIDE (__FLASH_CONFIG_START__ = .)
 *(SORT_BY_ALIGNMENT(.FlashConfig))
 .FlashConfig   0x0000000000000400       0x10 ./startup/startup_mk66f18.o
                0x0000000000000400                Flash_Config
                0x0000000000000410                PROVIDE (__FLASH_CONFIG_END__ = .)
                0x0000000000000001                ASSERT (! ((__FLASH_CONFIG_START__ == __FLASH_CONFIG_END__)), Linker Flash Config Support Enabled, but no .FlashConfig section provided within application)
 *(SORT_BY_ALIGNMENT(.text*))
 .text.vfscanf  0x0000000000000410      0x990 /usr/local/mcuxpressoide-11.4.1_6260/ide/plugins/com.nxp.mcuxpresso.tools.linux_11.4.0.202103011116/tools/bin/../lib/gcc/arm-none-eabi/10.2.1/../../../../arm-none-eabi/lib/thumb/v7e-m+fp/hard/libcr_c.a(scanf.o)
                0x0000000000000410                vfscanf
 .text._frexpl  0x0000000000000da0       0x68 /usr/local/mcuxpressoide-11.4.1_6260/ide/plugins/com.nxp.mcuxpresso.tools.linux_11.4.0.202103011116/tools/bin/../lib/gcc/arm-none-eabi/10.2.1/../../../../arm-none-eabi/lib/thumb/v7e-m+fp/hard/libcr_c.a(_frexpl.o)
                0x0000000000000da0                _frexpl
 .text._ldexpl  0x0000000000000e08       0x5c /usr/local/mcuxpressoide-11.4.1_6260/ide/plugins/com.nxp.mcuxpresso.tools.linux_11.4.0.202103011116/tools/bin/../lib/gcc/arm-none-eabi/10.2.1/../../../../arm-none-eabi/lib/thumb/v7e-m+fp/hard/libcr_c.a(_ldexpl.o)
                0x0000000000000e08                _ldexpl
 .text.__assertion_failed
                0x0000000000000e64       0x18 ./utilities/fsl_assert.o
                0x0000000000000e64                __assertion_failed
 .text.pwm_setup
                0x0000000000000e7c       0xd8 ./source/hello_world.o
                0x0000000000000e7c                pwm_setup
 .text.main     0x0000000000000f54      0x10c ./source/hello_world.o
                0x0000000000000f54                main
 .text.CLOCK_SetEr32kClock
                0x0000000000001060       0x30 ./drivers/fsl_clock.o
 .text.CLOCK_SetPllFllSelClock
                0x0000000000001090       0x54 ./drivers/fsl_clock.o
 .text.CLOCK_GetMcgExtClkFreq
                0x00000000000010e4       0x7c ./drivers/fsl_clock.o
 .text.CLOCK_GetFllExtRefClkFreq
                0x0000000000001160       0xb0 ./drivers/fsl_clock.o
 .text.CLOCK_GetInternalRefClkSelectFreq
                0x0000000000001210       0x4c ./drivers/fsl_clock.o
 .text.CLOCK_GetFllRefClkFreq
                0x000000000000125c       0x34 ./drivers/fsl_clock.o
 .text.CLOCK_GetOsc0ErClkUndivFreq
                0x0000000000001290       0x44 ./drivers/fsl_clock.o
                0x0000000000001290                CLOCK_GetOsc0ErClkUndivFreq
 .text.CLOCK_GetOsc0ErClkDivFreq
                0x00000000000012d4       0x58 ./drivers/fsl_clock.o
                0x00000000000012d4                CLOCK_GetOsc0ErClkDivFreq
 .text.CLOCK_GetEr32kClkFreq
                0x000000000000132c       0x74 ./drivers/fsl_clock.o
                0x000000000000132c                CLOCK_GetEr32kClkFreq
 .text.CLOCK_GetPllFllSelClkFreq
                0x00000000000013a0       0x90 ./drivers/fsl_clock.o
                0x00000000000013a0                CLOCK_GetPllFllSelClkFreq
 .text.CLOCK_GetCoreSysClkFreq
                0x0000000000001430       0x28 ./drivers/fsl_clock.o
                0x0000000000001430                CLOCK_GetCoreSysClkFreq
 .text.CLOCK_GetFreq
                0x0000000000001458      0x148 ./drivers/fsl_clock.o
                0x0000000000001458                CLOCK_GetFreq
 .text.CLOCK_SetSimConfig
                0x00000000000015a0       0x40 ./drivers/fsl_clock.o
                0x00000000000015a0                CLOCK_SetSimConfig
 .text.CLOCK_GetOutClkFreq
                0x00000000000015e0       0x90 ./drivers/fsl_clock.o
                0x00000000000015e0                CLOCK_GetOutClkFreq
 .text.CLOCK_GetFllFreq
                0x0000000000001670       0x84 ./drivers/fsl_clock.o
                0x0000000000001670                CLOCK_GetFllFreq
 .text.CLOCK_GetInternalRefClkFreq
                0x00000000000016f4       0x30 ./drivers/fsl_clock.o
                0x00000000000016f4                CLOCK_GetInternalRefClkFreq
 .text.CLOCK_GetPll0Freq
                0x0000000000001724       0x7c ./drivers/fsl_clock.o
                0x0000000000001724                CLOCK_GetPll0Freq
 .text.CLOCK_GetExtPllFreq
                0x00000000000017a0       0x18 ./drivers/fsl_clock.o
                0x00000000000017a0                CLOCK_GetExtPllFreq
 .text.CLOCK_SetExternalRefClkConfig
                0x00000000000017b8       0x6c ./drivers/fsl_clock.o
                0x00000000000017b8                CLOCK_SetExternalRefClkConfig
 .text.CLOCK_SetInternalRefClkConfig
                0x0000000000001824      0x104 ./drivers/fsl_clock.o
                0x0000000000001824                CLOCK_SetInternalRefClkConfig
 .text.FTM_GetInstance
                0x0000000000001928       0x54 ./drivers/fsl_ftm.o
 .text.FTM_SetPwmSync
                0x000000000000197c      0x140 ./drivers/fsl_ftm.o
 .text.FTM_SetReloadPoints
                0x0000000000001abc      0x138 ./drivers/fsl_ftm.o
 .text.FTM_Init
                0x0000000000001bf4       0xf4 ./drivers/fsl_ftm.o
                0x0000000000001bf4                FTM_Init
 .text.FTM_GetDefaultConfig
                0x0000000000001ce8       0x74 ./drivers/fsl_ftm.o
                0x0000000000001ce8                FTM_GetDefaultConfig
 .text.FTM_SetupPwm
                0x0000000000001d5c      0x328 ./drivers/fsl_ftm.o
                0x0000000000001d5c                FTM_SetupPwm
 .text.FTM_UpdatePwmDutycycle
                0x0000000000002084      0x138 ./drivers/fsl_ftm.o
                0x0000000000002084                FTM_UpdatePwmDutycycle
 .text.LPUART0_DriverIRQHandler
                0x00000000000021bc       0x28 ./drivers/fsl_lpuart.o
                0x00000000000021bc                LPUART0_DriverIRQHandler
 .text.UART0_DriverIRQHandler
                0x00000000000021e4       0x28 ./drivers/fsl_uart.o
                0x00000000000021e4                UART0_DriverIRQHandler
 .text.UART1_DriverIRQHandler
                0x000000000000220c       0x28 ./drivers/fsl_uart.o
                0x000000000000220c                UART1_DriverIRQHandler
 .text.UART2_DriverIRQHandler
                0x0000000000002234       0x28 ./drivers/fsl_uart.o
                0x0000000000002234                UART2_DriverIRQHandler
 .text.UART3_DriverIRQHandler
                0x000000000000225c       0x28 ./drivers/fsl_uart.o
                0x000000000000225c                UART3_DriverIRQHandler
 .text.UART4_DriverIRQHandler
                0x0000000000002284       0x28 ./drivers/fsl_uart.o
                0x0000000000002284                UART4_DriverIRQHandler
 .text.SystemInit
                0x00000000000022ac       0x3c ./device/system_MK66F18.o
                0x00000000000022ac                SystemInit
 .text.CLOCK_SetSimSafeDivs
                0x00000000000022e8       0x24 ./board/clock_config.o
 .text.CLOCK_CONFIG_SetFllExtRefDiv
                0x000000000000230c       0x3c ./board/clock_config.o
 .text.BOARD_BootClockRUN
                0x0000000000002348       0x3c ./board/clock_config.o
                0x0000000000002348                BOARD_BootClockRUN
 .text.BOARD_InitPins
                0x0000000000002384       0x44 ./board/pin_mux.o
                0x0000000000002384                BOARD_InitPins
 .text.malloc   0x00000000000023c8       0xc8 /usr/local/mcuxpressoide-11.4.1_6260/ide/plugins/com.nxp.mcuxpresso.tools.linux_11.4.0.202103011116/tools/bin/../lib/gcc/arm-none-eabi/10.2.1/../../../../arm-none-eabi/lib/thumb/v7e-m+fp/hard/libcr_c.a(alloc.o)
                0x00000000000023c8                malloc
 .text._Csys_alloc
                0x0000000000002490       0x20 /usr/local/mcuxpressoide-11.4.1_6260/ide/plugins/com.nxp.mcuxpresso.tools.linux_11.4.0.202103011116/tools/bin/../lib/gcc/arm-none-eabi/10.2.1/../../../../arm-none-eabi/lib/thumb/v7e-m+fp/hard/libcr_c.a(alloc.o)
                0x0000000000002490                _Csys_alloc
 .text._initio  0x00000000000024b0       0x78 /usr/local/mcuxpressoide-11.4.1_6260/ide/plugins/com.nxp.mcuxpresso.tools.linux_11.4.0.202103011116/tools/bin/../lib/gcc/arm-none-eabi/10.2.1/../../../../arm-none-eabi/lib/thumb/v7e-m+fp/hard/libcr_c.a(initio.o)
                0x00000000000024b0                _initio
 .text.__vfprintf
                0x0000000000002528      0xbf4 /usr/local/mcuxpressoide-11.4.1_6260/ide/plugins/com.nxp.mcuxpresso.tools.linux_11.4.0.202103011116/tools/bin/../lib/gcc/arm-none-eabi/10.2.1/../../../../arm-none-eabi/lib/thumb/v7e-m+fp/hard/libcr_c.a(printf.o)
                0x0000000000002528                __vfprintf
 .text._vsnprintf
                0x000000000000311c       0x68 /usr/local/mcuxpressoide-11.4.1_6260/ide/plugins/com.nxp.mcuxpresso.tools.linux_11.4.0.202103011116/tools/bin/../lib/gcc/arm-none-eabi/10.2.1/../../../../arm-none-eabi/lib/thumb/v7e-m+fp/hard/libcr_c.a(printf.o)
                0x000000000000311c                _vsnprintf
 .text._printf  0x0000000000003184       0x54 /usr/local/mcuxpressoide-11.4.1_6260/ide/plugins/com.nxp.mcuxpresso.tools.linux_11.4.0.202103011116/tools/bin/../lib/gcc/arm-none-eabi/10.2.1/../../../../arm-none-eabi/lib/thumb/v7e-m+fp/hard/libcr_c.a(printf.o)
                0x0000000000003184                _printf
 .text.ch_val   0x00000000000031d8       0x30 /usr/local/mcuxpressoide-11.4.1_6260/ide/plugins/com.nxp.mcuxpresso.tools.linux_11.4.0.202103011116/tools/bin/../lib/gcc/arm-none-eabi/10.2.1/../../../../arm-none-eabi/lib/thumb/v7e-m+fp/hard/libcr_c.a(scanf.o)
 .text.cr_rd_int
                0x0000000000003208      0x1a8 /usr/local/mcuxpressoide-11.4.1_6260/ide/plugins/com.nxp.mcuxpresso.tools.linux_11.4.0.202103011116/tools/bin/../lib/gcc/arm-none-eabi/10.2.1/../../../../arm-none-eabi/lib/thumb/v7e-m+fp/hard/libcr_c.a(scanf.o)
 .text.scanf    0x00000000000033b0       0x20 /usr/local/mcuxpressoide-11.4.1_6260/ide/plugins/com.nxp.mcuxpresso.tools.linux_11.4.0.202103011116/tools/bin/../lib/gcc/arm-none-eabi/10.2.1/../../../../arm-none-eabi/lib/thumb/v7e-m+fp/hard/libcr_c.a(scanf.o)
                0x00000000000033b0                scanf
 .text.__filbuf
                0x00000000000033d0      0x178 /usr/local/mcuxpressoide-11.4.1_6260/ide/plugins/com.nxp.mcuxpresso.tools.linux_11.4.0.202103011116/tools/bin/../lib/gcc/arm-none-eabi/10.2.1/../../../../arm-none-eabi/lib/thumb/v7e-m+fp/hard/libcr_c.a(__fillbuf.o)
                0x00000000000033d0                __filbuf
 .text._sbrk    0x0000000000003548       0x3c /usr/local/mcuxpressoide-11.4.1_6260/ide/plugins/com.nxp.mcuxpresso.tools.linux_11.4.0.202103011116/tools/bin/../lib/gcc/arm-none-eabi/10.2.1/../../../../arm-none-eabi/lib/thumb/v7e-m+fp/hard/libcr_c.a(_cr_sbrk.o)
                0x0000000000003548                _sbrk
 .text._Cwritebuf
                0x0000000000003584       0x6c /usr/local/mcuxpressoide-11.4.1_6260/ide/plugins/com.nxp.mcuxpresso.tools.linux_11.4.0.202103011116/tools/bin/../lib/gcc/arm-none-eabi/10.2.1/../../../../arm-none-eabi/lib/thumb/v7e-m+fp/hard/libcr_c.a(_writebuf.o)
                0x0000000000003584                _Cwritebuf
 .text.fflush   0x00000000000035f0       0x3c /usr/local/mcuxpressoide-11.4.1_6260/ide/plugins/com.nxp.mcuxpresso.tools.linux_11.4.0.202103011116/tools/bin/../lib/gcc/arm-none-eabi/10.2.1/../../../../arm-none-eabi/lib/thumb/v7e-m+fp/hard/libcr_c.a(fflush.o)
                0x00000000000035f0                fflush
 .text.fseek    0x000000000000362c      0x100 /usr/local/mcuxpressoide-11.4.1_6260/ide/plugins/com.nxp.mcuxpresso.tools.linux_11.4.0.202103011116/tools/bin/../lib/gcc/arm-none-eabi/10.2.1/../../../../arm-none-eabi/lib/thumb/v7e-m+fp/hard/libcr_c.a(fseek.o)
                0x000000000000362c                fseek
 .text.ftell    0x000000000000372c       0x44 /usr/local/mcuxpressoide-11.4.1_6260/ide/plugins/com.nxp.mcuxpresso.tools.linux_11.4.0.202103011116/tools/bin/../lib/gcc/arm-none-eabi/10.2.1/../../../../arm-none-eabi/lib/thumb/v7e-m+fp/hard/libcr_c.a(ftell.o)
                0x000000000000372c                ftell
 .text.__check_heap_overflow
                0x0000000000003770       0x18 /usr/local/mcuxpressoide-11.4.1_6260/ide/plugins/com.nxp.mcuxpresso.tools.linux_11.4.0.202103011116/tools/bin/../lib/gcc/arm-none-eabi/10.2.1/../../../../arm-none-eabi/lib/thumb/v7e-m+fp/hard/libcr_c.a(_cr_check_heap.o)
                0x0000000000003770                __check_heap_overflow
 .text.__aeabi_dmul
                0x0000000000003788       0xfc /usr/local/mcuxpressoide-11.4.1_6260/ide/plugins/com.nxp.mcuxpresso.tools.linux_11.4.0.202103011116/tools/bin/../lib/gcc/arm-none-eabi/10.2.1/thumb/v7e-m+fp/hard/libcr_eabihelpers.a(double.o)
                0x0000000000003788                __aeabi_dmul
 .text.__aeabi_ddiv
                0x0000000000003884      0x138 /usr/local/mcuxpressoide-11.4.1_6260/ide/plugins/com.nxp.mcuxpresso.tools.linux_11.4.0.202103011116/tools/bin/../lib/gcc/arm-none-eabi/10.2.1/thumb/v7e-m+fp/hard/libcr_eabihelpers.a(double.o)
                0x0000000000003884                __aeabi_ddiv
 .text.__aeabi_dsub
                0x00000000000039bc      0x1ac /usr/local/mcuxpressoide-11.4.1_6260/ide/plugins/com.nxp.mcuxpresso.tools.linux_11.4.0.202103011116/tools/bin/../lib/gcc/arm-none-eabi/10.2.1/thumb/v7e-m+fp/hard/libcr_eabihelpers.a(double.o)
                0x00000000000039bc                __aeabi_dsub
 .text.__aeabi_dadd
                0x0000000000003b68      0x114 /usr/local/mcuxpressoide-11.4.1_6260/ide/plugins/com.nxp.mcuxpresso.tools.linux_11.4.0.202103011116/tools/bin/../lib/gcc/arm-none-eabi/10.2.1/thumb/v7e-m+fp/hard/libcr_eabihelpers.a(double.o)
                0x0000000000003b68                __aeabi_dadd
 .text.__aeabi_d2f
                0x0000000000003c7c       0x58 /usr/local/mcuxpressoide-11.4.1_6260/ide/plugins/com.nxp.mcuxpresso.tools.linux_11.4.0.202103011116/tools/bin/../lib/gcc/arm-none-eabi/10.2.1/thumb/v7e-m+fp/hard/libcr_eabihelpers.a(double.o)
                0x0000000000003c7c                __aeabi_d2f
 .text.__sys_appexit
                0x0000000000003cd4        0xc /usr/local/mcuxpressoide-11.4.1_6260/ide/plugins/com.nxp.mcuxpresso.tools.linux_11.4.0.202103011116/tools/bin/../lib/gcc/arm-none-eabi/10.2.1/../../../../arm-none-eabi/lib/thumb/v7e-m+fp/hard/libcr_semihost_nf.a(__sys_appexit.o)
                0x0000000000003cd4                __exit
                0x0000000000003cd4                __sys_appexit
 .text.DMA0_DMA16_IRQHandler
                0x0000000000003ce0        0x8 ./startup/startup_mk66f18.o
                0x0000000000003ce0                DMA0_DMA16_IRQHandler
 .text.DMA1_DMA17_IRQHandler
                0x0000000000003ce8        0x8 ./startup/startup_mk66f18.o
                0x0000000000003ce8                DMA1_DMA17_IRQHandler
 .text.DMA2_DMA18_IRQHandler
                0x0000000000003cf0        0x8 ./startup/startup_mk66f18.o
                0x0000000000003cf0                DMA2_DMA18_IRQHandler
 .text.DMA3_DMA19_IRQHandler
                0x0000000000003cf8        0x8 ./startup/startup_mk66f18.o
                0x0000000000003cf8                DMA3_DMA19_IRQHandler
 .text.DMA4_DMA20_IRQHandler
                0x0000000000003d00        0x8 ./startup/startup_mk66f18.o
                0x0000000000003d00                DMA4_DMA20_IRQHandler
 .text.DMA5_DMA21_IRQHandler
                0x0000000000003d08        0x8 ./startup/startup_mk66f18.o
                0x0000000000003d08                DMA5_DMA21_IRQHandler
 .text.DMA6_DMA22_IRQHandler
                0x0000000000003d10        0x8 ./startup/startup_mk66f18.o
                0x0000000000003d10                DMA6_DMA22_IRQHandler
 .text.DMA7_DMA23_IRQHandler
                0x0000000000003d18        0x8 ./startup/startup_mk66f18.o
                0x0000000000003d18                DMA7_DMA23_IRQHandler
 .text.DMA8_DMA24_IRQHandler
                0x0000000000003d20        0x8 ./startup/startup_mk66f18.o
                0x0000000000003d20                DMA8_DMA24_IRQHandler
 .text.DMA9_DMA25_IRQHandler
                0x0000000000003d28        0x8 ./startup/startup_mk66f18.o
                0x0000000000003d28                DMA9_DMA25_IRQHandler
 .text.DMA10_DMA26_IRQHandler
                0x0000000000003d30        0x8 ./startup/startup_mk66f18.o
                0x0000000000003d30                DMA10_DMA26_IRQHandler
 .text.DMA11_DMA27_IRQHandler
                0x0000000000003d38        0x8 ./startup/startup_mk66f18.o
                0x0000000000003d38                DMA11_DMA27_IRQHandler
 .text.DMA12_DMA28_IRQHandler
                0x0000000000003d40        0x8 ./startup/startup_mk66f18.o
                0x0000000000003d40                DMA12_DMA28_IRQHandler
 .text.DMA13_DMA29_IRQHandler
                0x0000000000003d48        0x8 ./startup/startup_mk66f18.o
                0x0000000000003d48                DMA13_DMA29_IRQHandler
 .text.DMA14_DMA30_IRQHandler
                0x0000000000003d50        0x8 ./startup/startup_mk66f18.o
                0x0000000000003d50                DMA14_DMA30_IRQHandler
 .text.DMA15_DMA31_IRQHandler
                0x0000000000003d58        0x8 ./startup/startup_mk66f18.o
                0x0000000000003d58                DMA15_DMA31_IRQHandler
 .text.DMA_Error_IRQHandler
                0x0000000000003d60        0x8 ./startup/startup_mk66f18.o
                0x0000000000003d60                DMA_Error_IRQHandler
 .text.MCM_IRQHandler
                0x0000000000003d68        0x8 ./startup/startup_mk66f18.o
                0x0000000000003d68                MCM_IRQHandler
 .text.FTFE_IRQHandler
                0x0000000000003d70        0x8 ./startup/startup_mk66f18.o
                0x0000000000003d70                FTFE_IRQHandler
 .text.Read_Collision_IRQHandler
                0x0000000000003d78        0x8 ./startup/startup_mk66f18.o
                0x0000000000003d78                Read_Collision_IRQHandler
 .text.LVD_LVW_IRQHandler
                0x0000000000003d80        0x8 ./startup/startup_mk66f18.o
                0x0000000000003d80                LVD_LVW_IRQHandler
 .text.LLWU_IRQHandler
                0x0000000000003d88        0x8 ./startup/startup_mk66f18.o
                0x0000000000003d88                LLWU_IRQHandler
 .text.WDOG_EWM_IRQHandler
                0x0000000000003d90        0x8 ./startup/startup_mk66f18.o
                0x0000000000003d90                WDOG_EWM_IRQHandler
 .text.RNG_IRQHandler
                0x0000000000003d98        0x8 ./startup/startup_mk66f18.o
                0x0000000000003d98                RNG_IRQHandler
 .text.I2C0_IRQHandler
                0x0000000000003da0        0x8 ./startup/startup_mk66f18.o
                0x0000000000003da0                I2C0_IRQHandler
 .text.I2C1_IRQHandler
                0x0000000000003da8        0x8 ./startup/startup_mk66f18.o
                0x0000000000003da8                I2C1_IRQHandler
 .text.SPI0_IRQHandler
                0x0000000000003db0        0x8 ./startup/startup_mk66f18.o
                0x0000000000003db0                SPI0_IRQHandler
 .text.SPI1_IRQHandler
                0x0000000000003db8        0x8 ./startup/startup_mk66f18.o
                0x0000000000003db8                SPI1_IRQHandler
 .text.I2S0_Tx_IRQHandler
                0x0000000000003dc0        0x8 ./startup/startup_mk66f18.o
                0x0000000000003dc0                I2S0_Tx_IRQHandler
 .text.I2S0_Rx_IRQHandler
                0x0000000000003dc8        0x8 ./startup/startup_mk66f18.o
                0x0000000000003dc8                I2S0_Rx_IRQHandler
 .text.Reserved46_IRQHandler
                0x0000000000003dd0        0x8 ./startup/startup_mk66f18.o
                0x0000000000003dd0                Reserved46_IRQHandler
 .text.UART0_RX_TX_IRQHandler
                0x0000000000003dd8        0x8 ./startup/startup_mk66f18.o
                0x0000000000003dd8                UART0_RX_TX_IRQHandler
 .text.UART0_ERR_IRQHandler
                0x0000000000003de0        0x8 ./startup/startup_mk66f18.o
                0x0000000000003de0                UART0_ERR_IRQHandler
 .text.UART1_RX_TX_IRQHandler
                0x0000000000003de8        0x8 ./startup/startup_mk66f18.o
                0x0000000000003de8                UART1_RX_TX_IRQHandler
 .text.UART1_ERR_IRQHandler
                0x0000000000003df0        0x8 ./startup/startup_mk66f18.o
                0x0000000000003df0                UART1_ERR_IRQHandler
 .text.UART2_RX_TX_IRQHandler
                0x0000000000003df8        0x8 ./startup/startup_mk66f18.o
                0x0000000000003df8                UART2_RX_TX_IRQHandler
 .text.UART2_ERR_IRQHandler
                0x0000000000003e00        0x8 ./startup/startup_mk66f18.o
                0x0000000000003e00                UART2_ERR_IRQHandler
 .text.UART3_RX_TX_IRQHandler
                0x0000000000003e08        0x8 ./startup/startup_mk66f18.o
                0x0000000000003e08                UART3_RX_TX_IRQHandler
 .text.UART3_ERR_IRQHandler
                0x0000000000003e10        0x8 ./startup/startup_mk66f18.o
                0x0000000000003e10                UART3_ERR_IRQHandler
 .text.ADC0_IRQHandler
                0x0000000000003e18        0x8 ./startup/startup_mk66f18.o
                0x0000000000003e18                ADC0_IRQHandler
 .text.CMP0_IRQHandler
                0x0000000000003e20        0x8 ./startup/startup_mk66f18.o
                0x0000000000003e20                CMP0_IRQHandler
 .text.CMP1_IRQHandler
                0x0000000000003e28        0x8 ./startup/startup_mk66f18.o
                0x0000000000003e28                CMP1_IRQHandler
 .text.FTM0_IRQHandler
                0x0000000000003e30        0x8 ./startup/startup_mk66f18.o
                0x0000000000003e30                FTM0_IRQHandler
 .text.FTM1_IRQHandler
                0x0000000000003e38        0x8 ./startup/startup_mk66f18.o
                0x0000000000003e38                FTM1_IRQHandler
 .text.FTM2_IRQHandler
                0x0000000000003e40        0x8 ./startup/startup_mk66f18.o
                0x0000000000003e40                FTM2_IRQHandler
 .text.CMT_IRQHandler
                0x0000000000003e48        0x8 ./startup/startup_mk66f18.o
                0x0000000000003e48                CMT_IRQHandler
 .text.RTC_IRQHandler
                0x0000000000003e50        0x8 ./startup/startup_mk66f18.o
                0x0000000000003e50                RTC_IRQHandler
 .text.RTC_Seconds_IRQHandler
                0x0000000000003e58        0x8 ./startup/startup_mk66f18.o
                0x0000000000003e58                RTC_Seconds_IRQHandler
 .text.PIT0_IRQHandler
                0x0000000000003e60        0x8 ./startup/startup_mk66f18.o
                0x0000000000003e60                PIT0_IRQHandler
 .text.PIT1_IRQHandler
                0x0000000000003e68        0x8 ./startup/startup_mk66f18.o
                0x0000000000003e68                PIT1_IRQHandler
 .text.PIT2_IRQHandler
                0x0000000000003e70        0x8 ./startup/startup_mk66f18.o
                0x0000000000003e70                PIT2_IRQHandler
 .text.PIT3_IRQHandler
                0x0000000000003e78        0x8 ./startup/startup_mk66f18.o
                0x0000000000003e78                PIT3_IRQHandler
 .text.PDB0_IRQHandler
                0x0000000000003e80        0x8 ./startup/startup_mk66f18.o
                0x0000000000003e80                PDB0_IRQHandler
 .text.USB0_IRQHandler
                0x0000000000003e88        0x8 ./startup/startup_mk66f18.o
                0x0000000000003e88                USB0_IRQHandler
 .text.USBDCD_IRQHandler
                0x0000000000003e90        0x8 ./startup/startup_mk66f18.o
                0x0000000000003e90                USBDCD_IRQHandler
 .text.Reserved71_IRQHandler
                0x0000000000003e98        0x8 ./startup/startup_mk66f18.o
                0x0000000000003e98                Reserved71_IRQHandler
 .text.DAC0_IRQHandler
                0x0000000000003ea0        0x8 ./startup/startup_mk66f18.o
                0x0000000000003ea0                DAC0_IRQHandler
 .text.MCG_IRQHandler
                0x0000000000003ea8        0x8 ./startup/startup_mk66f18.o
                0x0000000000003ea8                MCG_IRQHandler
 .text.LPTMR0_IRQHandler
                0x0000000000003eb0        0x8 ./startup/startup_mk66f18.o
                0x0000000000003eb0                LPTMR0_IRQHandler
 .text.PORTA_IRQHandler
                0x0000000000003eb8        0x8 ./startup/startup_mk66f18.o
                0x0000000000003eb8                PORTA_IRQHandler
 .text.PORTB_IRQHandler
                0x0000000000003ec0        0x8 ./startup/startup_mk66f18.o
                0x0000000000003ec0                PORTB_IRQHandler
 .text.PORTC_IRQHandler
                0x0000000000003ec8        0x8 ./startup/startup_mk66f18.o
                0x0000000000003ec8                PORTC_IRQHandler
 .text.PORTD_IRQHandler
                0x0000000000003ed0        0x8 ./startup/startup_mk66f18.o
                0x0000000000003ed0                PORTD_IRQHandler
 .text.PORTE_IRQHandler
                0x0000000000003ed8        0x8 ./startup/startup_mk66f18.o
                0x0000000000003ed8                PORTE_IRQHandler
 .text.SWI_IRQHandler
                0x0000000000003ee0        0x8 ./startup/startup_mk66f18.o
                0x0000000000003ee0                SWI_IRQHandler
 .text.SPI2_IRQHandler
                0x0000000000003ee8        0x8 ./startup/startup_mk66f18.o
                0x0000000000003ee8                SPI2_IRQHandler
 .text.UART4_RX_TX_IRQHandler
                0x0000000000003ef0        0x8 ./startup/startup_mk66f18.o
                0x0000000000003ef0                UART4_RX_TX_IRQHandler
 .text.UART4_ERR_IRQHandler
                0x0000000000003ef8        0x8 ./startup/startup_mk66f18.o
                0x0000000000003ef8                UART4_ERR_IRQHandler
 .text.Reserved84_IRQHandler
                0x0000000000003f00        0x8 ./startup/startup_mk66f18.o
                0x0000000000003f00                Reserved84_IRQHandler
 .text.Reserved85_IRQHandler
                0x0000000000003f08        0x8 ./startup/startup_mk66f18.o
                0x0000000000003f08                Reserved85_IRQHandler
 .text.CMP2_IRQHandler
                0x0000000000003f10        0x8 ./startup/startup_mk66f18.o
                0x0000000000003f10                CMP2_IRQHandler
 .text.FTM3_IRQHandler
                0x0000000000003f18        0x8 ./startup/startup_mk66f18.o
                0x0000000000003f18                FTM3_IRQHandler
 .text.DAC1_IRQHandler
                0x0000000000003f20        0x8 ./startup/startup_mk66f18.o
                0x0000000000003f20                DAC1_IRQHandler
 .text.ADC1_IRQHandler
                0x0000000000003f28        0x8 ./startup/startup_mk66f18.o
                0x0000000000003f28                ADC1_IRQHandler
 .text.I2C2_IRQHandler
                0x0000000000003f30        0x8 ./startup/startup_mk66f18.o
                0x0000000000003f30                I2C2_IRQHandler
 .text.CAN0_ORed_Message_buffer_IRQHandler
                0x0000000000003f38        0x8 ./startup/startup_mk66f18.o
                0x0000000000003f38                CAN0_ORed_Message_buffer_IRQHandler
 .text.CAN0_Bus_Off_IRQHandler
                0x0000000000003f40        0x8 ./startup/startup_mk66f18.o
                0x0000000000003f40                CAN0_Bus_Off_IRQHandler
 .text.CAN0_Error_IRQHandler
                0x0000000000003f48        0x8 ./startup/startup_mk66f18.o
                0x0000000000003f48                CAN0_Error_IRQHandler
 .text.CAN0_Tx_Warning_IRQHandler
                0x0000000000003f50        0x8 ./startup/startup_mk66f18.o
                0x0000000000003f50                CAN0_Tx_Warning_IRQHandler
 .text.CAN0_Rx_Warning_IRQHandler
                0x0000000000003f58        0x8 ./startup/startup_mk66f18.o
                0x0000000000003f58                CAN0_Rx_Warning_IRQHandler
 .text.CAN0_Wake_Up_IRQHandler
                0x0000000000003f60        0x8 ./startup/startup_mk66f18.o
                0x0000000000003f60                CAN0_Wake_Up_IRQHandler
 .text.SDHC_IRQHandler
                0x0000000000003f68        0x8 ./startup/startup_mk66f18.o
                0x0000000000003f68                SDHC_IRQHandler
 .text.ENET_1588_Timer_IRQHandler
                0x0000000000003f70        0x8 ./startup/startup_mk66f18.o
                0x0000000000003f70                ENET_1588_Timer_IRQHandler
 .text.ENET_Transmit_IRQHandler
                0x0000000000003f78        0x8 ./startup/startup_mk66f18.o
                0x0000000000003f78                ENET_Transmit_IRQHandler
 .text.ENET_Receive_IRQHandler
                0x0000000000003f80        0x8 ./startup/startup_mk66f18.o
                0x0000000000003f80                ENET_Receive_IRQHandler
 .text.ENET_Error_IRQHandler
                0x0000000000003f88        0x8 ./startup/startup_mk66f18.o
                0x0000000000003f88                ENET_Error_IRQHandler
 .text.LPUART0_IRQHandler
                0x0000000000003f90        0x8 ./startup/startup_mk66f18.o
                0x0000000000003f90                LPUART0_IRQHandler
 .text.TSI0_IRQHandler
                0x0000000000003f98        0x8 ./startup/startup_mk66f18.o
                0x0000000000003f98                TSI0_IRQHandler
 .text.TPM1_IRQHandler
                0x0000000000003fa0        0x8 ./startup/startup_mk66f18.o
                0x0000000000003fa0                TPM1_IRQHandler
 .text.TPM2_IRQHandler
                0x0000000000003fa8        0x8 ./startup/startup_mk66f18.o
                0x0000000000003fa8                TPM2_IRQHandler
 .text.USBHSDCD_IRQHandler
                0x0000000000003fb0        0x8 ./startup/startup_mk66f18.o
                0x0000000000003fb0                USBHSDCD_IRQHandler
 .text.I2C3_IRQHandler
                0x0000000000003fb8        0x8 ./startup/startup_mk66f18.o
                0x0000000000003fb8                I2C3_IRQHandler
 .text.CMP3_IRQHandler
                0x0000000000003fc0        0x8 ./startup/startup_mk66f18.o
                0x0000000000003fc0                CMP3_IRQHandler
 .text.USBHS_IRQHandler
                0x0000000000003fc8        0x8 ./startup/startup_mk66f18.o
                0x0000000000003fc8                USBHS_IRQHandler
 .text.CAN1_ORed_Message_buffer_IRQHandler
                0x0000000000003fd0        0x8 ./startup/startup_mk66f18.o
                0x0000000000003fd0                CAN1_ORed_Message_buffer_IRQHandler
 .text.CAN1_Bus_Off_IRQHandler
                0x0000000000003fd8        0x8 ./startup/startup_mk66f18.o
                0x0000000000003fd8                CAN1_Bus_Off_IRQHandler
 .text.CAN1_Error_IRQHandler
                0x0000000000003fe0        0x8 ./startup/startup_mk66f18.o
                0x0000000000003fe0                CAN1_Error_IRQHandler
 .text.CAN1_Tx_Warning_IRQHandler
                0x0000000000003fe8        0x8 ./startup/startup_mk66f18.o
                0x0000000000003fe8                CAN1_Tx_Warning_IRQHandler
 .text.CAN1_Rx_Warning_IRQHandler
                0x0000000000003ff0        0x8 ./startup/startup_mk66f18.o
                0x0000000000003ff0                CAN1_Rx_Warning_IRQHandler
 .text.CAN1_Wake_Up_IRQHandler
                0x0000000000003ff8        0x8 ./startup/startup_mk66f18.o
                0x0000000000003ff8                CAN1_Wake_Up_IRQHandler
 .text.FTM_StartTimer
                0x0000000000004000       0x3a ./source/hello_world.o
 .text.FTM_SetSoftwareTrigger
                0x000000000000403a       0x38 ./source/hello_world.o
 .text.HardFault_Handler
                0x0000000000004072       0x2c ./source/semihost_hardfault.o
                0x0000000000004072                HardFault_Handler
 .text.CLOCK_GetPll0RefFreq
                0x000000000000409e        0xe ./drivers/fsl_clock.o
 .text.CLOCK_GetFixedFreqClkFreq
                0x00000000000040ac       0x34 ./drivers/fsl_clock.o
                0x00000000000040ac                CLOCK_GetFixedFreqClkFreq
 .text.CLOCK_EnableClock
                0x00000000000040e0       0x34 ./drivers/fsl_ftm.o
 .text.FTM_SetDeadTimeEnable
                0x0000000000004114       0x52 ./drivers/fsl_ftm.o
 .text.FTM_SetComplementaryEnable
                0x0000000000004166       0x52 ./drivers/fsl_ftm.o
 .text.UART0_RX_TX_DriverIRQHandler
                0x00000000000041b8       0x12 ./drivers/fsl_uart.o
                0x00000000000041b8                UART0_RX_TX_DriverIRQHandler
 .text.UART1_RX_TX_DriverIRQHandler
                0x00000000000041ca       0x12 ./drivers/fsl_uart.o
                0x00000000000041ca                UART1_RX_TX_DriverIRQHandler
 .text.UART2_RX_TX_DriverIRQHandler
                0x00000000000041dc       0x12 ./drivers/fsl_uart.o
                0x00000000000041dc                UART2_RX_TX_DriverIRQHandler
 .text.UART3_RX_TX_DriverIRQHandler
                0x00000000000041ee       0x12 ./drivers/fsl_uart.o
                0x00000000000041ee                UART3_RX_TX_DriverIRQHandler
 .text.UART4_RX_TX_DriverIRQHandler
                0x0000000000004200       0x12 ./drivers/fsl_uart.o
                0x0000000000004200                UART4_RX_TX_DriverIRQHandler
 .text.SystemInitHook
                0x0000000000004212        0xe ./device/system_MK66F18.o
                0x0000000000004212                SystemInitHook
 .text.DbgConsole_Init
                0x0000000000004220       0x20 ./board/board.o
 .text.BOARD_InitDebugConsole
                0x0000000000004240       0x22 ./board/board.o
                0x0000000000004240                BOARD_InitDebugConsole
 .text.BOARD_InitBootClocks
                0x0000000000004262        0xc ./board/clock_config.o
                0x0000000000004262                BOARD_InitBootClocks
 .text.CLOCK_EnableClock
                0x000000000000426e       0x34 ./board/pin_mux.o
 .text.PORT_SetPinMux
                0x00000000000042a2       0x3a ./board/pin_mux.o
 .text.BOARD_InitBootPins
                0x00000000000042dc        0xc ./board/pin_mux.o
                0x00000000000042dc                BOARD_InitBootPins
 .text.__main   0x00000000000042e8        0xe /usr/local/mcuxpressoide-11.4.1_6260/ide/plugins/com.nxp.mcuxpresso.tools.linux_11.4.0.202103011116/tools/bin/../lib/gcc/arm-none-eabi/10.2.1/../../../../arm-none-eabi/lib/thumb/v7e-m+fp/hard/libcr_semihost_nf.a(_cr__main.o)
                0x00000000000042e8                __main
                0x00000000000042e8                __CR_SEMIHOST
 .text.memset   0x00000000000042f6        0x4 /usr/local/mcuxpressoide-11.4.1_6260/ide/plugins/com.nxp.mcuxpresso.tools.linux_11.4.0.202103011116/tools/bin/../lib/gcc/arm-none-eabi/10.2.1/../../../../arm-none-eabi/lib/thumb/v7e-m+fp/hard/libcr_c.a(memset.o)
                0x00000000000042f6                memset
 .text.free     0x00000000000042fa       0x30 /usr/local/mcuxpressoide-11.4.1_6260/ide/plugins/com.nxp.mcuxpresso.tools.linux_11.4.0.202103011116/tools/bin/../lib/gcc/arm-none-eabi/10.2.1/../../../../arm-none-eabi/lib/thumb/v7e-m+fp/hard/libcr_c.a(alloc.o)
                0x00000000000042fa                free
 .text.no_fp_display
                0x000000000000432a        0x4 /usr/local/mcuxpressoide-11.4.1_6260/ide/plugins/com.nxp.mcuxpresso.tools.linux_11.4.0.202103011116/tools/bin/../lib/gcc/arm-none-eabi/10.2.1/../../../../arm-none-eabi/lib/thumb/v7e-m+fp/hard/libcr_c.a(printf.o)
 .text.setvbuf  0x000000000000432e       0x3e /usr/local/mcuxpressoide-11.4.1_6260/ide/plugins/com.nxp.mcuxpresso.tools.linux_11.4.0.202103011116/tools/bin/../lib/gcc/arm-none-eabi/10.2.1/../../../../arm-none-eabi/lib/thumb/v7e-m+fp/hard/libcr_c.a(setvbuf.o)
                0x000000000000432e                setvbuf
 .text.strlen   0x000000000000436c       0x48 /usr/local/mcuxpressoide-11.4.1_6260/ide/plugins/com.nxp.mcuxpresso.tools.linux_11.4.0.202103011116/tools/bin/../lib/gcc/arm-none-eabi/10.2.1/../../../../arm-none-eabi/lib/thumb/v7e-m+fp/hard/libcr_c.a(strlen.o)
                0x000000000000436c                strlen
 .text.ungetc   0x00000000000043b4       0x32 /usr/local/mcuxpressoide-11.4.1_6260/ide/plugins/com.nxp.mcuxpresso.tools.linux_11.4.0.202103011116/tools/bin/../lib/gcc/arm-none-eabi/10.2.1/../../../../arm-none-eabi/lib/thumb/v7e-m+fp/hard/libcr_c.a(ungetc.o)
                0x00000000000043b4                ungetc
 .text._Csys_read_
                0x00000000000043e6       0x22 /usr/local/mcuxpressoide-11.4.1_6260/ide/plugins/com.nxp.mcuxpresso.tools.linux_11.4.0.202103011116/tools/bin/../lib/gcc/arm-none-eabi/10.2.1/../../../../arm-none-eabi/lib/thumb/v7e-m+fp/hard/libcr_c.a(__fillbuf.o)
                0x00000000000043e6                _Csys_read_
 .text._deferredlazyseek
                0x0000000000004408       0x40 /usr/local/mcuxpressoide-11.4.1_6260/ide/plugins/com.nxp.mcuxpresso.tools.linux_11.4.0.202103011116/tools/bin/../lib/gcc/arm-none-eabi/10.2.1/../../../../arm-none-eabi/lib/thumb/v7e-m+fp/hard/libcr_c.a(_deferredlazyseek.o)
                0x0000000000004408                _deferredlazyseek
 .text.__flsbuf
                0x0000000000004448      0x140 /usr/local/mcuxpressoide-11.4.1_6260/ide/plugins/com.nxp.mcuxpresso.tools.linux_11.4.0.202103011116/tools/bin/../lib/gcc/arm-none-eabi/10.2.1/../../../../arm-none-eabi/lib/thumb/v7e-m+fp/hard/libcr_c.a(_deferredlazyseek.o)
                0x0000000000004448                __flsbuf
 .text._fdopen  0x0000000000004588       0x68 /usr/local/mcuxpressoide-11.4.1_6260/ide/plugins/com.nxp.mcuxpresso.tools.linux_11.4.0.202103011116/tools/bin/../lib/gcc/arm-none-eabi/10.2.1/../../../../arm-none-eabi/lib/thumb/v7e-m+fp/hard/libcr_c.a(_fdopen.o)
                0x0000000000004588                _fdopen
 .text._fflush  0x00000000000045f0       0x52 /usr/local/mcuxpressoide-11.4.1_6260/ide/plugins/com.nxp.mcuxpresso.tools.linux_11.4.0.202103011116/tools/bin/../lib/gcc/arm-none-eabi/10.2.1/../../../../arm-none-eabi/lib/thumb/v7e-m+fp/hard/libcr_c.a(_fflush.o)
                0x00000000000045f0                _fflush
 .text.fclose   0x0000000000004642       0x58 /usr/local/mcuxpressoide-11.4.1_6260/ide/plugins/com.nxp.mcuxpresso.tools.linux_11.4.0.202103011116/tools/bin/../lib/gcc/arm-none-eabi/10.2.1/../../../../arm-none-eabi/lib/thumb/v7e-m+fp/hard/libcr_c.a(fclose.o)
                0x0000000000004642                fclose
 .text.remove   0x000000000000469a       0x14 /usr/local/mcuxpressoide-11.4.1_6260/ide/plugins/com.nxp.mcuxpresso.tools.linux_11.4.0.202103011116/tools/bin/../lib/gcc/arm-none-eabi/10.2.1/../../../../arm-none-eabi/lib/thumb/v7e-m+fp/hard/libcr_c.a(remove.o)
                0x000000000000469a                remove
 .text._do_fflush
                0x00000000000046ae       0x40 /usr/local/mcuxpressoide-11.4.1_6260/ide/plugins/com.nxp.mcuxpresso.tools.linux_11.4.0.202103011116/tools/bin/../lib/gcc/arm-none-eabi/10.2.1/../../../../arm-none-eabi/lib/thumb/v7e-m+fp/hard/libcr_c.a(_do_fflush.o)
                0x00000000000046ae                _do_fflush
 .text.__bhs_ui2d
                0x00000000000046ee       0x46 /usr/local/mcuxpressoide-11.4.1_6260/ide/plugins/com.nxp.mcuxpresso.tools.linux_11.4.0.202103011116/tools/bin/../lib/gcc/arm-none-eabi/10.2.1/thumb/v7e-m+fp/hard/libcr_eabihelpers.a(double.o)
                0x00000000000046ee                __bhs_ui2d
 .text.__aeabi_i2d
                0x0000000000004734       0x12 /usr/local/mcuxpressoide-11.4.1_6260/ide/plugins/com.nxp.mcuxpresso.tools.linux_11.4.0.202103011116/tools/bin/../lib/gcc/arm-none-eabi/10.2.1/thumb/v7e-m+fp/hard/libcr_eabihelpers.a(double.o)
                0x0000000000004734                __aeabi_i2d
 .text.__aeabi_dcmpeq
                0x0000000000004746       0x30 /usr/local/mcuxpressoide-11.4.1_6260/ide/plugins/com.nxp.mcuxpresso.tools.linux_11.4.0.202103011116/tools/bin/../lib/gcc/arm-none-eabi/10.2.1/thumb/v7e-m+fp/hard/libcr_eabihelpers.a(double.o)
                0x0000000000004746                __aeabi_dcmpeq
 .text.__aeabi_dcmpge
                0x0000000000004776       0x56 /usr/local/mcuxpressoide-11.4.1_6260/ide/plugins/com.nxp.mcuxpresso.tools.linux_11.4.0.202103011116/tools/bin/../lib/gcc/arm-none-eabi/10.2.1/thumb/v7e-m+fp/hard/libcr_eabihelpers.a(double.o)
                0x0000000000004776                __aeabi_dcmpge
 .text.__aeabi_memset_lowlevel
                0x00000000000047cc       0x32 /usr/local/mcuxpressoide-11.4.1_6260/ide/plugins/com.nxp.mcuxpresso.tools.linux_11.4.0.202103011116/tools/bin/../lib/gcc/arm-none-eabi/10.2.1/thumb/v7e-m+fp/hard/libcr_eabihelpers.a(memcpy.o)
                0x00000000000047cc                __aeabi_lowlevel_memset
 .text.__sys_close
                0x00000000000047fe        0xc /usr/local/mcuxpressoide-11.4.1_6260/ide/plugins/com.nxp.mcuxpresso.tools.linux_11.4.0.202103011116/tools/bin/../lib/gcc/arm-none-eabi/10.2.1/../../../../arm-none-eabi/lib/thumb/v7e-m+fp/hard/libcr_semihost_nf.a(__sys_close.o)
                0x00000000000047fe                __sys_close
 .text.__sys_flen
                0x000000000000480a        0xc /usr/local/mcuxpressoide-11.4.1_6260/ide/plugins/com.nxp.mcuxpresso.tools.linux_11.4.0.202103011116/tools/bin/../lib/gcc/arm-none-eabi/10.2.1/../../../../arm-none-eabi/lib/thumb/v7e-m+fp/hard/libcr_semihost_nf.a(__sys_flen.o)
                0x000000000000480a                __sys_flen
 .text.__sys_istty
                0x0000000000004816        0xc /usr/local/mcuxpressoide-11.4.1_6260/ide/plugins/com.nxp.mcuxpresso.tools.linux_11.4.0.202103011116/tools/bin/../lib/gcc/arm-none-eabi/10.2.1/../../../../arm-none-eabi/lib/thumb/v7e-m+fp/hard/libcr_semihost_nf.a(__sys_istty.o)
                0x0000000000004816                __sys_istty
 .text.__sys_read
                0x0000000000004822        0xc /usr/local/mcuxpressoide-11.4.1_6260/ide/plugins/com.nxp.mcuxpresso.tools.linux_11.4.0.202103011116/tools/bin/../lib/gcc/arm-none-eabi/10.2.1/../../../../arm-none-eabi/lib/thumb/v7e-m+fp/hard/libcr_semihost_nf.a(__sys_read.o)
                0x0000000000004822                __sys_read
 .text.__sys_readc
                0x000000000000482e        0x8 /usr/local/mcuxpressoide-11.4.1_6260/ide/plugins/com.nxp.mcuxpresso.tools.linux_11.4.0.202103011116/tools/bin/../lib/gcc/arm-none-eabi/10.2.1/../../../../arm-none-eabi/lib/thumb/v7e-m+fp/hard/libcr_semihost_nf.a(__sys_readc.o)
                0x000000000000482e                __readc
                0x000000000000482e                __sys_readc
 .text.__sys_remove
                0x0000000000004836        0xc /usr/local/mcuxpressoide-11.4.1_6260/ide/plugins/com.nxp.mcuxpresso.tools.linux_11.4.0.202103011116/tools/bin/../lib/gcc/arm-none-eabi/10.2.1/../../../../arm-none-eabi/lib/thumb/v7e-m+fp/hard/libcr_semihost_nf.a(__sys_remove.o)
                0x0000000000004836                __sys_remove
 .text.__sys_seek
                0x0000000000004842        0xc /usr/local/mcuxpressoide-11.4.1_6260/ide/plugins/com.nxp.mcuxpresso.tools.linux_11.4.0.202103011116/tools/bin/../lib/gcc/arm-none-eabi/10.2.1/../../../../arm-none-eabi/lib/thumb/v7e-m+fp/hard/libcr_semihost_nf.a(__sys_seek.o)
                0x0000000000004842                __sys_seek
 .text.__sys_tmpnam
                0x000000000000484e        0xc /usr/local/mcuxpressoide-11.4.1_6260/ide/plugins/com.nxp.mcuxpresso.tools.linux_11.4.0.202103011116/tools/bin/../lib/gcc/arm-none-eabi/10.2.1/../../../../arm-none-eabi/lib/thumb/v7e-m+fp/hard/libcr_semihost_nf.a(__sys_tmpnam.o)
                0x000000000000484e                __sys_tmpnam
 .text.__sys_write
                0x000000000000485a        0xc /usr/local/mcuxpressoide-11.4.1_6260/ide/plugins/com.nxp.mcuxpresso.tools.linux_11.4.0.202103011116/tools/bin/../lib/gcc/arm-none-eabi/10.2.1/../../../../arm-none-eabi/lib/thumb/v7e-m+fp/hard/libcr_semihost_nf.a(__sys_write.o)
                0x000000000000485a                __sys_write
 *(SORT_BY_ALIGNMENT(.rodata) SORT_BY_ALIGNMENT(.rodata.*) SORT_BY_ALIGNMENT(.constdata) SORT_BY_ALIGNMENT(.constdata.*))
 *fill*         0x0000000000004866        0x2 ff
 .rodata.__assertion_failed.str1.4
                0x0000000000004868       0x14 ./utilities/fsl_assert.o
 .rodata.main.str1.4
                0x000000000000487c       0x31 ./source/hello_world.o
 *fill*         0x00000000000048ad        0x3 ff
 .rodata.CLOCK_GetMcgExtClkFreq.str1.4
                0x00000000000048b0       0x4e ./drivers/fsl_clock.o
 *fill*         0x00000000000048fe        0x2 ff
 .rodata.CLOCK_GetOsc0ErClkUndivFreq.str1.4
                0x0000000000004900       0x1f ./drivers/fsl_clock.o
 *fill*         0x000000000000491f        0x1 ff
 .rodata.CLOCK_GetOsc0ErClkDivFreq.str1.4
                0x0000000000004920       0x1f ./drivers/fsl_clock.o
 *fill*         0x000000000000493f        0x1 ff
 .rodata.CLOCK_GetEr32kClkFreq.str1.4
                0x0000000000004940       0x20 ./drivers/fsl_clock.o
 .rodata.CLOCK_GetPll0Freq.str1.4
                0x0000000000004960       0x1e ./drivers/fsl_clock.o
 *fill*         0x000000000000497e        0x2 ff
 .rodata.fllFactorTable.1
                0x0000000000004980       0x10 ./drivers/fsl_clock.o
 .rodata.s_ftmBases
                0x0000000000004990       0x10 ./drivers/fsl_ftm.o
 .rodata.s_ftmClocks
                0x00000000000049a0       0x10 ./drivers/fsl_ftm.o
 .rodata.FTM_GetInstance.str1.4
                0x00000000000049b0       0x29 ./drivers/fsl_ftm.o
 *fill*         0x00000000000049d9        0x3 ff
 .rodata.FTM_SetPwmSync.str1.4
                0x00000000000049dc       0x3b ./drivers/fsl_ftm.o
 *fill*         0x0000000000004a17        0x1 ff
 .rodata.FTM_SetReloadPoints.str1.4
                0x0000000000004a18       0x21 ./drivers/fsl_ftm.o
 *fill*         0x0000000000004a39        0x3 ff
 .rodata.FTM_Init.str1.4
                0x0000000000004a3c       0x18 ./drivers/fsl_ftm.o
 .rodata.FTM_GetDefaultConfig.str1.4
                0x0000000000004a54       0x20 ./drivers/fsl_ftm.o
 .rodata.FTM_SetupPwm.str1.4
                0x0000000000004a74       0xcc ./drivers/fsl_ftm.o
 .rodata.FTM_UpdatePwmDutycycle.str1.4
                0x0000000000004b40       0x3c ./drivers/fsl_ftm.o
 .rodata.simConfig_BOARD_BootClockRUN
                0x0000000000004b7c        0x8 ./board/clock_config.o
                0x0000000000004b7c                simConfig_BOARD_BootClockRUN
 .rodata.__num_Ciob_streams
                0x0000000000004b84        0x4 /usr/local/mcuxpressoide-11.4.1_6260/ide/plugins/com.nxp.mcuxpresso.tools.linux_11.4.0.202103011116/tools/bin/../lib/gcc/arm-none-eabi/10.2.1/../../../../arm-none-eabi/lib/thumb/v7e-m+fp/hard/libcr_semihost_nf.a(__ciob.o)
                0x0000000000004b84                __num_Ciob_streams
 .rodata._Csys_alloc.str1.1
                0x0000000000004b88       0x18 /usr/local/mcuxpressoide-11.4.1_6260/ide/plugins/com.nxp.mcuxpresso.tools.linux_11.4.0.202103011116/tools/bin/../lib/gcc/arm-none-eabi/10.2.1/../../../../arm-none-eabi/lib/thumb/v7e-m+fp/hard/libcr_c.a(alloc.o)
 .rodata._initio.str1.1
                0x0000000000004ba0        0x4 /usr/local/mcuxpressoide-11.4.1_6260/ide/plugins/com.nxp.mcuxpresso.tools.linux_11.4.0.202103011116/tools/bin/../lib/gcc/arm-none-eabi/10.2.1/../../../../arm-none-eabi/lib/thumb/v7e-m+fp/hard/libcr_c.a(initio.o)
 .rodata.__vfprintf.str1.1
                0x0000000000004ba4       0x37 /usr/local/mcuxpressoide-11.4.1_6260/ide/plugins/com.nxp.mcuxpresso.tools.linux_11.4.0.202103011116/tools/bin/../lib/gcc/arm-none-eabi/10.2.1/../../../../arm-none-eabi/lib/thumb/v7e-m+fp/hard/libcr_c.a(printf.o)
                                         0x38 (size before relaxing)
 .rodata.__ctype
                0x0000000000004bdb      0x180 /usr/local/mcuxpressoide-11.4.1_6260/ide/plugins/com.nxp.mcuxpresso.tools.linux_11.4.0.202103011116/tools/bin/../lib/gcc/arm-none-eabi/10.2.1/../../../../arm-none-eabi/lib/thumb/v7e-m+fp/hard/libcr_c.a(ctype.o)
                0x0000000000004bdb                __ctype
                0x0000000000004d60                . = ALIGN (0x8)
 *fill*         0x0000000000004d5b        0x5 ff

.glue_7         0x0000000000004d60        0x0
 .glue_7        0x0000000000004d60        0x0 linker stubs

.glue_7t        0x0000000000004d60        0x0
 .glue_7t       0x0000000000004d60        0x0 linker stubs

.vfp11_veneer   0x0000000000004d60        0x0
 .vfp11_veneer  0x0000000000004d60        0x0 linker stubs

.v4_bx          0x0000000000004d60        0x0
 .v4_bx         0x0000000000004d60        0x0 linker stubs

.iplt           0x0000000000004d60        0x0
 .iplt          0x0000000000004d60        0x0 ./utilities/fsl_assert.o

.rel.dyn        0x0000000000004d60        0x0
 .rel.iplt      0x0000000000004d60        0x0 ./utilities/fsl_assert.o

.ARM.extab
 *(SORT_BY_ALIGNMENT(.ARM.extab*) SORT_BY_ALIGNMENT(.gnu.linkonce.armextab.*))

.ARM.exidx      0x0000000000004d60        0x0
                0x0000000000004d60                __exidx_start = .
 *(SORT_BY_ALIGNMENT(.ARM.exidx*) SORT_BY_ALIGNMENT(.gnu.linkonce.armexidx.*))
                0x0000000000004d60                __exidx_end = .
                0x0000000000004d60                _etext = .

.m_usb_data
 *(SORT_BY_ALIGNMENT(m_usb_bdt))

.data_RAM2      0x000000001fff0000        0x0 load address 0x0000000000004d60
 FILL mask 0xff
                [!provide]                        PROVIDE (__start_data_RAM2 = .)
                [!provide]                        PROVIDE (__start_data_SRAM_LOWER = .)
 *(SORT_BY_ALIGNMENT(.ramfunc.$RAM2))
 *(SORT_BY_ALIGNMENT(.ramfunc.$SRAM_LOWER))
 *(SORT_BY_ALIGNMENT(NonCacheable.init))
 *(SORT_BY_ALIGNMENT(.data.$RAM2))
 *(SORT_BY_ALIGNMENT(.data.$SRAM_LOWER))
 *(SORT_BY_ALIGNMENT(.data.$RAM2.*))
 *(SORT_BY_ALIGNMENT(.data.$SRAM_LOWER.*))
                0x000000001fff0000                . = ALIGN (0x8)
                [!provide]                        PROVIDE (__end_data_RAM2 = .)
                [!provide]                        PROVIDE (__end_data_SRAM_LOWER = .)

.data_RAM3      0x0000000014000000        0x0 load address 0x0000000000004d60
 FILL mask 0xff
                [!provide]                        PROVIDE (__start_data_RAM3 = .)
                [!provide]                        PROVIDE (__start_data_FLEX_RAM = .)
 *(SORT_BY_ALIGNMENT(.ramfunc.$RAM3))
 *(SORT_BY_ALIGNMENT(.ramfunc.$FLEX_RAM))
 *(SORT_BY_ALIGNMENT(.data.$RAM3))
 *(SORT_BY_ALIGNMENT(.data.$FLEX_RAM))
 *(SORT_BY_ALIGNMENT(.data.$RAM3.*))
 *(SORT_BY_ALIGNMENT(.data.$FLEX_RAM.*))
                0x0000000014000000                . = ALIGN (0x8)
                [!provide]                        PROVIDE (__end_data_RAM3 = .)
                [!provide]                        PROVIDE (__end_data_FLEX_RAM = .)

.uninit_RESERVED
                0x0000000020000000        0x0
                0x0000000020000000                _start_uninit_RESERVED = .
 *(SORT_BY_ALIGNMENT(.bss.$RESERVED*))
                0x0000000020000000                . = ALIGN (0x8)
                0x0000000020000000                _end_uninit_RESERVED = .

.data           0x0000000020000000       0x18 load address 0x0000000000004d60
 FILL mask 0xff
                0x0000000020000000                _data = .
                [!provide]                        PROVIDE (__start_data_RAM = .)
                [!provide]                        PROVIDE (__start_data_SRAM_UPPER = .)
 *(SORT_BY_ALIGNMENT(vtable))
 *(SORT_BY_ALIGNMENT(.ramfunc*))
 *(SORT_BY_ALIGNMENT(CodeQuickAccess))
 *(SORT_BY_ALIGNMENT(DataQuickAccess))
 *(SORT_BY_ALIGNMENT(RamFunction))
 *(SORT_BY_ALIGNMENT(.data*))
 .data.s_slowIrcFreq
                0x0000000020000000        0x4 ./drivers/fsl_clock.o
 .data.s_fastIrcFreq
                0x0000000020000004        0x4 ./drivers/fsl_clock.o
 .data.SystemCoreClock
                0x0000000020000008        0x4 ./device/system_MK66F18.o
                0x0000000020000008                SystemCoreClock
 .data.neginf.0
                0x000000002000000c        0x4 /usr/local/mcuxpressoide-11.4.1_6260/ide/plugins/com.nxp.mcuxpresso.tools.linux_11.4.0.202103011116/tools/bin/../lib/gcc/arm-none-eabi/10.2.1/../../../../arm-none-eabi/lib/thumb/v7e-m+fp/hard/libcr_c.a(scanf.o)
 .data.posinf.1
                0x0000000020000010        0x4 /usr/local/mcuxpressoide-11.4.1_6260/ide/plugins/com.nxp.mcuxpresso.tools.linux_11.4.0.202103011116/tools/bin/../lib/gcc/arm-none-eabi/10.2.1/../../../../arm-none-eabi/lib/thumb/v7e-m+fp/hard/libcr_c.a(scanf.o)
                0x0000000020000018                . = ALIGN (0x8)
 *fill*         0x0000000020000014        0x4 ff
                0x0000000020000018                _edata = .
                [!provide]                        PROVIDE (__end_data_RAM = .)
                [!provide]                        PROVIDE (__end_data_SRAM_UPPER = .)

.igot.plt       0x0000000020000018        0x0 load address 0x0000000000004d78
 .igot.plt      0x0000000020000018        0x0 ./utilities/fsl_assert.o

.bss_RAM2       0x000000001fff0000        0x0
                [!provide]                        PROVIDE (__start_bss_RAM2 = .)
                [!provide]                        PROVIDE (__start_bss_SRAM_LOWER = .)
 *(SORT_BY_ALIGNMENT(NonCacheable))
 *(SORT_BY_ALIGNMENT(.bss.$RAM2))
 *(SORT_BY_ALIGNMENT(.bss.$SRAM_LOWER))
 *(SORT_BY_ALIGNMENT(.bss.$RAM2.*))
 *(SORT_BY_ALIGNMENT(.bss.$SRAM_LOWER.*))
                0x000000001fff0000                . = ALIGN ((. != 0x0)?0x8:0x1)
                [!provide]                        PROVIDE (__end_bss_RAM2 = .)
                [!provide]                        PROVIDE (__end_bss_SRAM_LOWER = .)

.bss_RAM3       0x0000000014000000        0x0
                [!provide]                        PROVIDE (__start_bss_RAM3 = .)
                [!provide]                        PROVIDE (__start_bss_FLEX_RAM = .)
 *(SORT_BY_ALIGNMENT(.bss.$RAM3))
 *(SORT_BY_ALIGNMENT(.bss.$FLEX_RAM))
 *(SORT_BY_ALIGNMENT(.bss.$RAM3.*))
 *(SORT_BY_ALIGNMENT(.bss.$FLEX_RAM.*))
                0x0000000014000000                . = ALIGN ((. != 0x0)?0x8:0x1)
                [!provide]                        PROVIDE (__end_bss_RAM3 = .)
                [!provide]                        PROVIDE (__end_bss_FLEX_RAM = .)

.bss            0x0000000020000018       0xf0
                0x0000000020000018                _bss = .
                [!provide]                        PROVIDE (__start_bss_RAM = .)
                [!provide]                        PROVIDE (__start_bss_SRAM_UPPER = .)
 *(SORT_BY_ALIGNMENT(.bss*))
 .bss.s_extPllFreq
                0x0000000020000018        0x4 ./drivers/fsl_clock.o
 .bss.g_xtal0Freq
                0x000000002000001c        0x4 ./drivers/fsl_clock.o
                0x000000002000001c                g_xtal0Freq
 .bss.g_xtal32Freq
                0x0000000020000020        0x4 ./drivers/fsl_clock.o
                0x0000000020000020                g_xtal32Freq
 .bss.s_lpuartHandle
                0x0000000020000024        0x4 ./drivers/fsl_lpuart.o
                0x0000000020000024                s_lpuartHandle
 .bss.s_lpuartIsr
                0x0000000020000028        0x4 ./drivers/fsl_lpuart.o
                0x0000000020000028                s_lpuartIsr
 .bss.s_uartHandle
                0x000000002000002c       0x14 ./drivers/fsl_uart.o
                0x000000002000002c                s_uartHandle
 .bss.s_uartIsr
                0x0000000020000040        0x4 ./drivers/fsl_uart.o
                0x0000000020000040                s_uartIsr
 .bss.__end_of_heap
                0x0000000020000044        0x4 /usr/local/mcuxpressoide-11.4.1_6260/ide/plugins/com.nxp.mcuxpresso.tools.linux_11.4.0.202103011116/tools/bin/../lib/gcc/arm-none-eabi/10.2.1/../../../../arm-none-eabi/lib/thumb/v7e-m+fp/hard/libcr_c.a(__init_alloc.o)
                0x0000000020000044                __end_of_heap
 .bss.__heaps   0x0000000020000048        0x4 /usr/local/mcuxpressoide-11.4.1_6260/ide/plugins/com.nxp.mcuxpresso.tools.linux_11.4.0.202103011116/tools/bin/../lib/gcc/arm-none-eabi/10.2.1/../../../../arm-none-eabi/lib/thumb/v7e-m+fp/hard/libcr_c.a(__init_alloc.o)
                0x0000000020000048                __heaps
 .bss.errno     0x000000002000004c        0x4 /usr/local/mcuxpressoide-11.4.1_6260/ide/plugins/com.nxp.mcuxpresso.tools.linux_11.4.0.202103011116/tools/bin/../lib/gcc/arm-none-eabi/10.2.1/../../../../arm-none-eabi/lib/thumb/v7e-m+fp/hard/libcr_c.a(errno.o)
                0x000000002000004c                errno
 .bss.__Ciob    0x0000000020000050       0xb4 /usr/local/mcuxpressoide-11.4.1_6260/ide/plugins/com.nxp.mcuxpresso.tools.linux_11.4.0.202103011116/tools/bin/../lib/gcc/arm-none-eabi/10.2.1/../../../../arm-none-eabi/lib/thumb/v7e-m+fp/hard/libcr_semihost_nf.a(__ciob.o)
                0x0000000020000050                __Ciob
 *(SORT_BY_ALIGNMENT(COMMON))
                0x0000000020000108                . = ALIGN (0x8)
 *fill*         0x0000000020000104        0x4 
                0x0000000020000108                _ebss = .
                [!provide]                        PROVIDE (__end_bss_RAM = .)
                [!provide]                        PROVIDE (__end_bss_SRAM_UPPER = .)
                [!provide]                        PROVIDE (end = .)

.noinit_RAM2    0x000000001fff0000        0x0
                [!provide]                        PROVIDE (__start_noinit_RAM2 = .)
                [!provide]                        PROVIDE (__start_noinit_SRAM_LOWER = .)
 *(SORT_BY_ALIGNMENT(.noinit.$RAM2))
 *(SORT_BY_ALIGNMENT(.noinit.$SRAM_LOWER))
 *(SORT_BY_ALIGNMENT(.noinit.$RAM2.*))
 *(SORT_BY_ALIGNMENT(.noinit.$SRAM_LOWER.*))
                0x000000001fff0000                . = ALIGN (0x8)
                [!provide]                        PROVIDE (__end_noinit_RAM2 = .)
                [!provide]                        PROVIDE (__end_noinit_SRAM_LOWER = .)

.noinit_RAM3    0x0000000014000000        0x0
                [!provide]                        PROVIDE (__start_noinit_RAM3 = .)
                [!provide]                        PROVIDE (__start_noinit_FLEX_RAM = .)
 *(SORT_BY_ALIGNMENT(.noinit.$RAM3))
 *(SORT_BY_ALIGNMENT(.noinit.$FLEX_RAM))
 *(SORT_BY_ALIGNMENT(.noinit.$RAM3.*))
 *(SORT_BY_ALIGNMENT(.noinit.$FLEX_RAM.*))
                0x0000000014000000                . = ALIGN (0x8)
                [!provide]                        PROVIDE (__end_noinit_RAM3 = .)
                [!provide]                        PROVIDE (__end_noinit_FLEX_RAM = .)

.noinit         0x0000000020000108        0x0
                0x0000000020000108                _noinit = .
                [!provide]                        PROVIDE (__start_noinit_RAM = .)
                [!provide]                        PROVIDE (__start_noinit_SRAM_UPPER = .)
 *(SORT_BY_ALIGNMENT(.noinit*))
                0x0000000020000108                . = ALIGN (0x8)
                0x0000000020000108                _end_noinit = .
                [!provide]                        PROVIDE (__end_noinit_RAM = .)
                [!provide]                        PROVIDE (__end_noinit_SRAM_UPPER = .)
                0x0000000000001000                _HeapSize = 0x1000

.heap           0x0000000020000108     0x1000
                0x0000000020000108                _pvHeapStart = .
                0x0000000020001108                . = (. + _HeapSize)
 *fill*         0x0000000020000108     0x1000 
                0x0000000020001108                . = ALIGN (0x8)
                0x0000000020001108                _pvHeapLimit = .
                0x0000000000001000                _StackSize = 0x1000

.heap2stackfill
                0x0000000020001108     0x1000
                0x0000000020002108                . = (. + _StackSize)
 *fill*         0x0000000020001108     0x1000 

.stack          0x000000002002f000        0x0
                0x000000002002f000                _vStackBase = .
                0x000000002002f000                . = ALIGN (0x8)
                0x0000000020030000                _vStackTop = (. + _StackSize)
                0x0000000000000000                _image_start = LOADADDR (.text)
                0x0000000000004d78                _image_end = (LOADADDR (.data) + SIZEOF (.data))
                0x0000000000004d78                _image_size = (_image_end - _image_start)
OUTPUT(frdmk66f_hello_world_PWM.axf elf32-littlearm)
LOAD linker stubs

.debug_info     0x0000000000000000     0xae50
 .debug_info    0x0000000000000000       0xaa ./utilities/fsl_assert.o
 .debug_info    0x00000000000000aa      0xa44 ./startup/startup_mk66f18.o
 .debug_info    0x0000000000000aee      0x708 ./source/hello_world.o
 .debug_info    0x00000000000011f6       0x3c ./source/semihost_hardfault.o
 .debug_info    0x0000000000001232     0x2938 ./drivers/fsl_clock.o
 .debug_info    0x0000000000003b6a     0x16bf ./drivers/fsl_ftm.o
 .debug_info    0x0000000000005229     0x1e2f ./drivers/fsl_lpuart.o
 .debug_info    0x0000000000007058     0x2086 ./drivers/fsl_uart.o
 .debug_info    0x00000000000090de      0xa4e ./device/system_MK66F18.o
 .debug_info    0x0000000000009b2c      0x18a ./board/board.o
 .debug_info    0x0000000000009cb6      0xcec ./board/clock_config.o
 .debug_info    0x000000000000a9a2      0x4ae ./board/pin_mux.o

.debug_abbrev   0x0000000000000000     0x1790
 .debug_abbrev  0x0000000000000000       0x66 ./utilities/fsl_assert.o
 .debug_abbrev  0x0000000000000066      0x185 ./startup/startup_mk66f18.o
 .debug_abbrev  0x00000000000001eb      0x1ca ./source/hello_world.o
 .debug_abbrev  0x00000000000003b5       0x31 ./source/semihost_hardfault.o
 .debug_abbrev  0x00000000000003e6      0x362 ./drivers/fsl_clock.o
 .debug_abbrev  0x0000000000000748      0x290 ./drivers/fsl_ftm.o
 .debug_abbrev  0x00000000000009d8      0x410 ./drivers/fsl_lpuart.o
 .debug_abbrev  0x0000000000000de8      0x42e ./drivers/fsl_uart.o
 .debug_abbrev  0x0000000000001216      0x148 ./device/system_MK66F18.o
 .debug_abbrev  0x000000000000135e       0xc5 ./board/board.o
 .debug_abbrev  0x0000000000001423      0x214 ./board/clock_config.o
 .debug_abbrev  0x0000000000001637      0x159 ./board/pin_mux.o

.debug_aranges  0x0000000000000000      0xb18
 .debug_aranges
                0x0000000000000000       0x20 ./utilities/fsl_assert.o
 .debug_aranges
                0x0000000000000020      0x3a0 ./startup/startup_mk66f18.o
 .debug_aranges
                0x00000000000003c0       0x38 ./source/hello_world.o
 .debug_aranges
                0x00000000000003f8       0x20 ./source/semihost_hardfault.o
 .debug_aranges
                0x0000000000000418      0x258 ./drivers/fsl_clock.o
 .debug_aranges
                0x0000000000000670       0xd8 ./drivers/fsl_ftm.o
 .debug_aranges
                0x0000000000000748      0x138 ./drivers/fsl_lpuart.o
 .debug_aranges
                0x0000000000000880      0x1a8 ./drivers/fsl_uart.o
 .debug_aranges
                0x0000000000000a28       0x30 ./device/system_MK66F18.o
 .debug_aranges
                0x0000000000000a58       0x28 ./board/board.o
 .debug_aranges
                0x0000000000000a80       0x60 ./board/clock_config.o
 .debug_aranges
                0x0000000000000ae0       0x38 ./board/pin_mux.o

.debug_ranges   0x0000000000000000      0xa58
 .debug_ranges  0x0000000000000000       0x10 ./utilities/fsl_assert.o
 .debug_ranges  0x0000000000000010      0x390 ./startup/startup_mk66f18.o
 .debug_ranges  0x00000000000003a0       0x28 ./source/hello_world.o
 .debug_ranges  0x00000000000003c8       0x10 ./source/semihost_hardfault.o
 .debug_ranges  0x00000000000003d8      0x248 ./drivers/fsl_clock.o
 .debug_ranges  0x0000000000000620       0xc8 ./drivers/fsl_ftm.o
 .debug_ranges  0x00000000000006e8      0x128 ./drivers/fsl_lpuart.o
 .debug_ranges  0x0000000000000810      0x198 ./drivers/fsl_uart.o
 .debug_ranges  0x00000000000009a8       0x20 ./device/system_MK66F18.o
 .debug_ranges  0x00000000000009c8       0x18 ./board/board.o
 .debug_ranges  0x00000000000009e0       0x50 ./board/clock_config.o
 .debug_ranges  0x0000000000000a30       0x28 ./board/pin_mux.o

.debug_macro    0x0000000000000000    0x1ad9a
 .debug_macro   0x0000000000000000      0x12d ./utilities/fsl_assert.o
 .debug_macro   0x000000000000012d      0xacc ./utilities/fsl_assert.o
 .debug_macro   0x0000000000000bf9       0x10 ./utilities/fsl_assert.o
 .debug_macro   0x0000000000000c09       0x1c ./utilities/fsl_assert.o
 .debug_macro   0x0000000000000c25       0x22 ./utilities/fsl_assert.o
 .debug_macro   0x0000000000000c47      0x12e ./utilities/fsl_assert.o
 .debug_macro   0x0000000000000d75      0x5b3 ./utilities/fsl_assert.o
 .debug_macro   0x0000000000001328       0x22 ./utilities/fsl_assert.o
 .debug_macro   0x000000000000134a       0x10 ./utilities/fsl_assert.o
 .debug_macro   0x000000000000135a       0x56 ./utilities/fsl_assert.o
 .debug_macro   0x00000000000013b0       0x1c ./utilities/fsl_assert.o
 .debug_macro   0x00000000000013cc       0x22 ./utilities/fsl_assert.o
 .debug_macro   0x00000000000013ee       0xfb ./utilities/fsl_assert.o
 .debug_macro   0x00000000000014e9      0xeeb ./utilities/fsl_assert.o
 .debug_macro   0x00000000000023d4       0x40 ./utilities/fsl_assert.o
 .debug_macro   0x0000000000002414    0x1626f ./utilities/fsl_assert.o
 .debug_macro   0x0000000000018683     0x149b ./utilities/fsl_assert.o
 .debug_macro   0x0000000000019b1e       0x7a ./utilities/fsl_assert.o
 .debug_macro   0x0000000000019b98       0xa8 ./utilities/fsl_assert.o
 .debug_macro   0x0000000000019c40      0x190 ./utilities/fsl_assert.o
 .debug_macro   0x0000000000019dd0       0x1c ./utilities/fsl_assert.o
 .debug_macro   0x0000000000019dec       0xd2 ./utilities/fsl_assert.o
 .debug_macro   0x0000000000019ebe       0x1c ./utilities/fsl_assert.o
 .debug_macro   0x0000000000019eda       0x29 ./startup/startup_mk66f18.o
 .debug_macro   0x0000000000019f03      0x19d ./source/hello_world.o
 .debug_macro   0x000000000001a0a0       0x46 ./source/hello_world.o
 .debug_macro   0x000000000001a0e6       0x22 ./source/hello_world.o
 .debug_macro   0x000000000001a108       0x16 ./source/hello_world.o
 .debug_macro   0x000000000001a11e       0x16 ./source/hello_world.o
 .debug_macro   0x000000000001a134      0x24f ./source/hello_world.o
 .debug_macro   0x000000000001a383       0x10 ./source/hello_world.o
 .debug_macro   0x000000000001a393       0x11 ./source/semihost_hardfault.o
 .debug_macro   0x000000000001a3a4      0x1e4 ./drivers/fsl_clock.o
 .debug_macro   0x000000000001a588      0x122 ./drivers/fsl_ftm.o
 .debug_macro   0x000000000001a6aa      0x121 ./drivers/fsl_lpuart.o
 .debug_macro   0x000000000001a7cb       0x10 ./drivers/fsl_lpuart.o
 .debug_macro   0x000000000001a7db      0x127 ./drivers/fsl_uart.o
 .debug_macro   0x000000000001a902       0x10 ./drivers/fsl_uart.o
 .debug_macro   0x000000000001a912       0x98 ./device/system_MK66F18.o
 .debug_macro   0x000000000001a9aa      0x163 ./board/board.o
 .debug_macro   0x000000000001ab0d       0x1c ./board/board.o
 .debug_macro   0x000000000001ab29      0x153 ./board/clock_config.o
 .debug_macro   0x000000000001ac7c      0x11e ./board/pin_mux.o

.debug_line     0x0000000000000000     0x7169
 .debug_line    0x0000000000000000      0x3b0 ./utilities/fsl_assert.o
 .debug_line    0x00000000000003b0      0xa61 ./startup/startup_mk66f18.o
 .debug_line    0x0000000000000e11      0x586 ./source/hello_world.o
 .debug_line    0x0000000000001397       0x59 ./source/semihost_hardfault.o
 .debug_line    0x00000000000013f0     0x184d ./drivers/fsl_clock.o
 .debug_line    0x0000000000002c3d      0xf5c ./drivers/fsl_ftm.o
 .debug_line    0x0000000000003b99      0xff1 ./drivers/fsl_lpuart.o
 .debug_line    0x0000000000004b8a     0x147e ./drivers/fsl_uart.o
 .debug_line    0x0000000000006008      0x43c ./device/system_MK66F18.o
 .debug_line    0x0000000000006444      0x450 ./board/board.o
 .debug_line    0x0000000000006894      0x4c7 ./board/clock_config.o
 .debug_line    0x0000000000006d5b      0x40e ./board/pin_mux.o

.debug_str      0x0000000000000000    0xbcfab
 .debug_str     0x0000000000000000    0xb4ea4 ./utilities/fsl_assert.o
                                      0xb4f41 (size before relaxing)
 .debug_str     0x00000000000b4ea4      0x959 ./startup/startup_mk66f18.o
                                       0x3820 (size before relaxing)
 .debug_str     0x00000000000b57fd     0x1960 ./source/hello_world.o
                                      0xb68b1 (size before relaxing)
 .debug_str     0x00000000000b715d       0x1f ./source/semihost_hardfault.o
                                       0x2e3c (size before relaxing)
 .debug_str     0x00000000000b717c     0x2cc6 ./drivers/fsl_clock.o
                                      0xb7a66 (size before relaxing)
 .debug_str     0x00000000000b9e42      0xa18 ./drivers/fsl_ftm.o
                                      0xb6820 (size before relaxing)
 .debug_str     0x00000000000ba85a     0x1602 ./drivers/fsl_lpuart.o
                                      0xb6f47 (size before relaxing)
 .debug_str     0x00000000000bbe5c      0x9d7 ./drivers/fsl_uart.o
                                      0xb6eb8 (size before relaxing)
 .debug_str     0x00000000000bc833      0x127 ./device/system_MK66F18.o
                                      0xb356f (size before relaxing)
 .debug_str     0x00000000000bc95a       0x98 ./board/board.o
                                      0xb600d (size before relaxing)
 .debug_str     0x00000000000bc9f2      0x442 ./board/clock_config.o
                                      0xb5e1f (size before relaxing)
 .debug_str     0x00000000000bce34      0x177 ./board/pin_mux.o
                                      0xb5223 (size before relaxing)

.comment        0x0000000000000000       0x4d
 .comment       0x0000000000000000       0x4d ./utilities/fsl_assert.o
                                         0x4e (size before relaxing)
 .comment       0x000000000000004d       0x4e ./startup/startup_mk66f18.o
 .comment       0x000000000000004d       0x4e ./source/hello_world.o
 .comment       0x000000000000004d       0x4e ./source/semihost_hardfault.o
 .comment       0x000000000000004d       0x4e ./drivers/fsl_clock.o
 .comment       0x000000000000004d       0x4e ./drivers/fsl_ftm.o
 .comment       0x000000000000004d       0x4e ./drivers/fsl_lpuart.o
 .comment       0x000000000000004d       0x4e ./drivers/fsl_uart.o
 .comment       0x000000000000004d       0x4e ./device/system_MK66F18.o
 .comment       0x000000000000004d       0x4e ./board/board.o
 .comment       0x000000000000004d       0x4e ./board/clock_config.o
 .comment       0x000000000000004d       0x4e ./board/pin_mux.o
 .comment       0x000000000000004d       0x4e /usr/local/mcuxpressoide-11.4.1_6260/ide/plugins/com.nxp.mcuxpresso.tools.linux_11.4.0.202103011116/tools/bin/../lib/gcc/arm-none-eabi/10.2.1/../../../../arm-none-eabi/lib/thumb/v7e-m+fp/hard/libcr_semihost_nf.a(_cr__main.o)
 .comment       0x000000000000004d       0x4e /usr/local/mcuxpressoide-11.4.1_6260/ide/plugins/com.nxp.mcuxpresso.tools.linux_11.4.0.202103011116/tools/bin/../lib/gcc/arm-none-eabi/10.2.1/../../../../arm-none-eabi/lib/thumb/v7e-m+fp/hard/libcr_c.a(memset.o)
 .comment       0x000000000000004d       0x4e /usr/local/mcuxpressoide-11.4.1_6260/ide/plugins/com.nxp.mcuxpresso.tools.linux_11.4.0.202103011116/tools/bin/../lib/gcc/arm-none-eabi/10.2.1/../../../../arm-none-eabi/lib/thumb/v7e-m+fp/hard/libcr_c.a(alloc.o)
 .comment       0x000000000000004d       0x4e /usr/local/mcuxpressoide-11.4.1_6260/ide/plugins/com.nxp.mcuxpresso.tools.linux_11.4.0.202103011116/tools/bin/../lib/gcc/arm-none-eabi/10.2.1/../../../../arm-none-eabi/lib/thumb/v7e-m+fp/hard/libcr_c.a(initio.o)
 .comment       0x000000000000004d       0x4e /usr/local/mcuxpressoide-11.4.1_6260/ide/plugins/com.nxp.mcuxpresso.tools.linux_11.4.0.202103011116/tools/bin/../lib/gcc/arm-none-eabi/10.2.1/../../../../arm-none-eabi/lib/thumb/v7e-m+fp/hard/libcr_c.a(printf.o)
 .comment       0x000000000000004d       0x4e /usr/local/mcuxpressoide-11.4.1_6260/ide/plugins/com.nxp.mcuxpresso.tools.linux_11.4.0.202103011116/tools/bin/../lib/gcc/arm-none-eabi/10.2.1/../../../../arm-none-eabi/lib/thumb/v7e-m+fp/hard/libcr_c.a(scanf.o)
 .comment       0x000000000000004d       0x4e /usr/local/mcuxpressoide-11.4.1_6260/ide/plugins/com.nxp.mcuxpresso.tools.linux_11.4.0.202103011116/tools/bin/../lib/gcc/arm-none-eabi/10.2.1/../../../../arm-none-eabi/lib/thumb/v7e-m+fp/hard/libcr_c.a(setvbuf.o)
 .comment       0x000000000000004d       0x4e /usr/local/mcuxpressoide-11.4.1_6260/ide/plugins/com.nxp.mcuxpresso.tools.linux_11.4.0.202103011116/tools/bin/../lib/gcc/arm-none-eabi/10.2.1/../../../../arm-none-eabi/lib/thumb/v7e-m+fp/hard/libcr_c.a(strlen.o)
 .comment       0x000000000000004d       0x4e /usr/local/mcuxpressoide-11.4.1_6260/ide/plugins/com.nxp.mcuxpresso.tools.linux_11.4.0.202103011116/tools/bin/../lib/gcc/arm-none-eabi/10.2.1/../../../../arm-none-eabi/lib/thumb/v7e-m+fp/hard/libcr_c.a(ungetc.o)
 .comment       0x000000000000004d       0x4e /usr/local/mcuxpressoide-11.4.1_6260/ide/plugins/com.nxp.mcuxpresso.tools.linux_11.4.0.202103011116/tools/bin/../lib/gcc/arm-none-eabi/10.2.1/../../../../arm-none-eabi/lib/thumb/v7e-m+fp/hard/libcr_c.a(__fillbuf.o)
 .comment       0x000000000000004d       0x4e /usr/local/mcuxpressoide-11.4.1_6260/ide/plugins/com.nxp.mcuxpresso.tools.linux_11.4.0.202103011116/tools/bin/../lib/gcc/arm-none-eabi/10.2.1/../../../../arm-none-eabi/lib/thumb/v7e-m+fp/hard/libcr_c.a(__init_alloc.o)
 .comment       0x000000000000004d       0x4e /usr/local/mcuxpressoide-11.4.1_6260/ide/plugins/com.nxp.mcuxpresso.tools.linux_11.4.0.202103011116/tools/bin/../lib/gcc/arm-none-eabi/10.2.1/../../../../arm-none-eabi/lib/thumb/v7e-m+fp/hard/libcr_c.a(_cr_sbrk.o)
 .comment       0x000000000000004d       0x4e /usr/local/mcuxpressoide-11.4.1_6260/ide/plugins/com.nxp.mcuxpresso.tools.linux_11.4.0.202103011116/tools/bin/../lib/gcc/arm-none-eabi/10.2.1/../../../../arm-none-eabi/lib/thumb/v7e-m+fp/hard/libcr_c.a(_deferredlazyseek.o)
 .comment       0x000000000000004d       0x4e /usr/local/mcuxpressoide-11.4.1_6260/ide/plugins/com.nxp.mcuxpresso.tools.linux_11.4.0.202103011116/tools/bin/../lib/gcc/arm-none-eabi/10.2.1/../../../../arm-none-eabi/lib/thumb/v7e-m+fp/hard/libcr_c.a(_fdopen.o)
 .comment       0x000000000000004d       0x4e /usr/local/mcuxpressoide-11.4.1_6260/ide/plugins/com.nxp.mcuxpresso.tools.linux_11.4.0.202103011116/tools/bin/../lib/gcc/arm-none-eabi/10.2.1/../../../../arm-none-eabi/lib/thumb/v7e-m+fp/hard/libcr_c.a(_fflush.o)
 .comment       0x000000000000004d       0x4e /usr/local/mcuxpressoide-11.4.1_6260/ide/plugins/com.nxp.mcuxpresso.tools.linux_11.4.0.202103011116/tools/bin/../lib/gcc/arm-none-eabi/10.2.1/../../../../arm-none-eabi/lib/thumb/v7e-m+fp/hard/libcr_c.a(_frexpl.o)
 .comment       0x000000000000004d       0x4e /usr/local/mcuxpressoide-11.4.1_6260/ide/plugins/com.nxp.mcuxpresso.tools.linux_11.4.0.202103011116/tools/bin/../lib/gcc/arm-none-eabi/10.2.1/../../../../arm-none-eabi/lib/thumb/v7e-m+fp/hard/libcr_c.a(_ldexpl.o)
 .comment       0x000000000000004d       0x4e /usr/local/mcuxpressoide-11.4.1_6260/ide/plugins/com.nxp.mcuxpresso.tools.linux_11.4.0.202103011116/tools/bin/../lib/gcc/arm-none-eabi/10.2.1/../../../../arm-none-eabi/lib/thumb/v7e-m+fp/hard/libcr_c.a(_writebuf.o)
 .comment       0x000000000000004d       0x4e /usr/local/mcuxpressoide-11.4.1_6260/ide/plugins/com.nxp.mcuxpresso.tools.linux_11.4.0.202103011116/tools/bin/../lib/gcc/arm-none-eabi/10.2.1/../../../../arm-none-eabi/lib/thumb/v7e-m+fp/hard/libcr_c.a(ctype.o)
 .comment       0x000000000000004d       0x4e /usr/local/mcuxpressoide-11.4.1_6260/ide/plugins/com.nxp.mcuxpresso.tools.linux_11.4.0.202103011116/tools/bin/../lib/gcc/arm-none-eabi/10.2.1/../../../../arm-none-eabi/lib/thumb/v7e-m+fp/hard/libcr_c.a(errno.o)
 .comment       0x000000000000004d       0x4e /usr/local/mcuxpressoide-11.4.1_6260/ide/plugins/com.nxp.mcuxpresso.tools.linux_11.4.0.202103011116/tools/bin/../lib/gcc/arm-none-eabi/10.2.1/../../../../arm-none-eabi/lib/thumb/v7e-m+fp/hard/libcr_c.a(fclose.o)
 .comment       0x000000000000004d       0x4e /usr/local/mcuxpressoide-11.4.1_6260/ide/plugins/com.nxp.mcuxpresso.tools.linux_11.4.0.202103011116/tools/bin/../lib/gcc/arm-none-eabi/10.2.1/../../../../arm-none-eabi/lib/thumb/v7e-m+fp/hard/libcr_c.a(fflush.o)
 .comment       0x000000000000004d       0x4e /usr/local/mcuxpressoide-11.4.1_6260/ide/plugins/com.nxp.mcuxpresso.tools.linux_11.4.0.202103011116/tools/bin/../lib/gcc/arm-none-eabi/10.2.1/../../../../arm-none-eabi/lib/thumb/v7e-m+fp/hard/libcr_c.a(fseek.o)
 .comment       0x000000000000004d       0x4e /usr/local/mcuxpressoide-11.4.1_6260/ide/plugins/com.nxp.mcuxpresso.tools.linux_11.4.0.202103011116/tools/bin/../lib/gcc/arm-none-eabi/10.2.1/../../../../arm-none-eabi/lib/thumb/v7e-m+fp/hard/libcr_c.a(ftell.o)
 .comment       0x000000000000004d       0x4e /usr/local/mcuxpressoide-11.4.1_6260/ide/plugins/com.nxp.mcuxpresso.tools.linux_11.4.0.202103011116/tools/bin/../lib/gcc/arm-none-eabi/10.2.1/../../../../arm-none-eabi/lib/thumb/v7e-m+fp/hard/libcr_c.a(remove.o)
 .comment       0x000000000000004d       0x4e /usr/local/mcuxpressoide-11.4.1_6260/ide/plugins/com.nxp.mcuxpresso.tools.linux_11.4.0.202103011116/tools/bin/../lib/gcc/arm-none-eabi/10.2.1/../../../../arm-none-eabi/lib/thumb/v7e-m+fp/hard/libcr_c.a(_cr_check_heap.o)
 .comment       0x000000000000004d       0x4e /usr/local/mcuxpressoide-11.4.1_6260/ide/plugins/com.nxp.mcuxpresso.tools.linux_11.4.0.202103011116/tools/bin/../lib/gcc/arm-none-eabi/10.2.1/../../../../arm-none-eabi/lib/thumb/v7e-m+fp/hard/libcr_c.a(_do_fflush.o)
 .comment       0x000000000000004d       0x4e /usr/local/mcuxpressoide-11.4.1_6260/ide/plugins/com.nxp.mcuxpresso.tools.linux_11.4.0.202103011116/tools/bin/../lib/gcc/arm-none-eabi/10.2.1/thumb/v7e-m+fp/hard/libcr_eabihelpers.a(double.o)
 .comment       0x000000000000004d       0x4e /usr/local/mcuxpressoide-11.4.1_6260/ide/plugins/com.nxp.mcuxpresso.tools.linux_11.4.0.202103011116/tools/bin/../lib/gcc/arm-none-eabi/10.2.1/../../../../arm-none-eabi/lib/thumb/v7e-m+fp/hard/libcr_semihost_nf.a(__ciob.o)

.ARM.attributes
                0x0000000000000000       0x32
 .ARM.attributes
                0x0000000000000000       0x34 ./utilities/fsl_assert.o
 .ARM.attributes
                0x0000000000000034       0x34 ./startup/startup_mk66f18.o
 .ARM.attributes
                0x0000000000000068       0x34 ./source/hello_world.o
 .ARM.attributes
                0x000000000000009c       0x34 ./source/semihost_hardfault.o
 .ARM.attributes
                0x00000000000000d0       0x34 ./drivers/fsl_clock.o
 .ARM.attributes
                0x0000000000000104       0x34 ./drivers/fsl_ftm.o
 .ARM.attributes
                0x0000000000000138       0x34 ./drivers/fsl_lpuart.o
 .ARM.attributes
                0x000000000000016c       0x34 ./drivers/fsl_uart.o
 .ARM.attributes
                0x00000000000001a0       0x34 ./device/system_MK66F18.o
 .ARM.attributes
                0x00000000000001d4       0x34 ./board/board.o
 .ARM.attributes
                0x0000000000000208       0x34 ./board/clock_config.o
 .ARM.attributes
                0x000000000000023c       0x34 ./board/pin_mux.o
 .ARM.attributes
                0x0000000000000270       0x34 /usr/local/mcuxpressoide-11.4.1_6260/ide/plugins/com.nxp.mcuxpresso.tools.linux_11.4.0.202103011116/tools/bin/../lib/gcc/arm-none-eabi/10.2.1/../../../../arm-none-eabi/lib/thumb/v7e-m+fp/hard/libcr_semihost_nf.a(_cr__main.o)
 .ARM.attributes
                0x00000000000002a4       0x34 /usr/local/mcuxpressoide-11.4.1_6260/ide/plugins/com.nxp.mcuxpresso.tools.linux_11.4.0.202103011116/tools/bin/../lib/gcc/arm-none-eabi/10.2.1/../../../../arm-none-eabi/lib/thumb/v7e-m+fp/hard/libcr_c.a(memset.o)
 .ARM.attributes
                0x00000000000002d8       0x34 /usr/local/mcuxpressoide-11.4.1_6260/ide/plugins/com.nxp.mcuxpresso.tools.linux_11.4.0.202103011116/tools/bin/../lib/gcc/arm-none-eabi/10.2.1/../../../../arm-none-eabi/lib/thumb/v7e-m+fp/hard/libcr_c.a(alloc.o)
 .ARM.attributes
                0x000000000000030c       0x34 /usr/local/mcuxpressoide-11.4.1_6260/ide/plugins/com.nxp.mcuxpresso.tools.linux_11.4.0.202103011116/tools/bin/../lib/gcc/arm-none-eabi/10.2.1/../../../../arm-none-eabi/lib/thumb/v7e-m+fp/hard/libcr_c.a(initio.o)
 .ARM.attributes
                0x0000000000000340       0x34 /usr/local/mcuxpressoide-11.4.1_6260/ide/plugins/com.nxp.mcuxpresso.tools.linux_11.4.0.202103011116/tools/bin/../lib/gcc/arm-none-eabi/10.2.1/../../../../arm-none-eabi/lib/thumb/v7e-m+fp/hard/libcr_c.a(printf.o)
 .ARM.attributes
                0x0000000000000374       0x34 /usr/local/mcuxpressoide-11.4.1_6260/ide/plugins/com.nxp.mcuxpresso.tools.linux_11.4.0.202103011116/tools/bin/../lib/gcc/arm-none-eabi/10.2.1/../../../../arm-none-eabi/lib/thumb/v7e-m+fp/hard/libcr_c.a(scanf.o)
 .ARM.attributes
                0x00000000000003a8       0x34 /usr/local/mcuxpressoide-11.4.1_6260/ide/plugins/com.nxp.mcuxpresso.tools.linux_11.4.0.202103011116/tools/bin/../lib/gcc/arm-none-eabi/10.2.1/../../../../arm-none-eabi/lib/thumb/v7e-m+fp/hard/libcr_c.a(setvbuf.o)
 .ARM.attributes
                0x00000000000003dc       0x34 /usr/local/mcuxpressoide-11.4.1_6260/ide/plugins/com.nxp.mcuxpresso.tools.linux_11.4.0.202103011116/tools/bin/../lib/gcc/arm-none-eabi/10.2.1/../../../../arm-none-eabi/lib/thumb/v7e-m+fp/hard/libcr_c.a(strlen.o)
 .ARM.attributes
                0x0000000000000410       0x34 /usr/local/mcuxpressoide-11.4.1_6260/ide/plugins/com.nxp.mcuxpresso.tools.linux_11.4.0.202103011116/tools/bin/../lib/gcc/arm-none-eabi/10.2.1/../../../../arm-none-eabi/lib/thumb/v7e-m+fp/hard/libcr_c.a(ungetc.o)
 .ARM.attributes