C:\Users\halo3\git\COMPENG-4DS4_Labs\Lab0\frdmk66f_gpio_Problem_3&4\frdmk66f_gpio_Problem_3&4\drivers/fsl_clock.h:725:20:CLOCK_EnableClock	24	static
C:\Users\halo3\git\COMPENG-4DS4_Labs\Lab0\frdmk66f_gpio_Problem_3&4\frdmk66f_gpio_Problem_3&4\drivers/fsl_port.h:374:20:PORT_SetPinMux	24	static
../source/gpio_led_output.c:36:6:delay	16	static
../source/gpio_led_output.c:45:6:togglepins	16	static
../source/gpio_led_output.c:49:6:initpins	8	static
../source/gpio_led_output.c:62:6:initGPIO	24	static
../source/gpio_led_output.c:75:10:GPIOreadport	16	static
../source/gpio_led_output.c:81:5:main	16	static
